---
source: crates/webpack_chunk_parser/src/main_chunk_parser.rs
expression: hashes
---
[
  JsHashEntry(
    chunk_id: "10125",
    hash: "b1e31f0b27b90b4d",
  ),
  JsHashEntry(
    chunk_id: "10165",
    hash: "03a1523f44f42acd",
  ),
  JsHashEntry(
    chunk_id: "10355",
    hash: "3080a2a823aebabc",
  ),
  JsHashEntry(
    chunk_id: "10576",
    hash: "1b5662cccb689a9b",
  ),
  JsHashEntry(
    chunk_id: "10620",
    hash: "d80c71a3c5a4ecc5",
  ),
  JsHashEntry(
    chunk_id: "10645",
    hash: "8605615777185cd6",
  ),
  JsHashEntry(
    chunk_id: "10667",
    hash: "4abeac94e8adb7ee",
  ),
  JsHashEntry(
    chunk_id: "10778",
    hash: "2000627d3ce909a1",
  ),
  JsHashEntry(
    chunk_id: "10945",
    hash: "d6d320e0d1a24784",
  ),
  JsHashEntry(
    chunk_id: "11011",
    hash: "5d26d2e48500f37f",
  ),
  JsHashEntry(
    chunk_id: "11160",
    hash: "dfb62b8eac97d022",
  ),
  JsHashEntry(
    chunk_id: "11166",
    hash: "fd7ce9bba0b09dad",
  ),
  JsHashEntry(
    chunk_id: "11298",
    hash: "ab2e78eb85cb8e17",
  ),
  JsHashEntry(
    chunk_id: "11319",
    hash: "073b4a66a9a5b530",
  ),
  JsHashEntry(
    chunk_id: "11352",
    hash: "38e5c29fc7b6ff6b",
  ),
  JsHashEntry(
    chunk_id: "11398",
    hash: "965c1e52aa467bdc",
  ),
  JsHashEntry(
    chunk_id: "11463",
    hash: "89b4ff8b64684659",
  ),
  JsHashEntry(
    chunk_id: "11493",
    hash: "a80917fb6e7a62da",
  ),
  JsHashEntry(
    chunk_id: "11570",
    hash: "8d72d74cd05a27d8",
  ),
  JsHashEntry(
    chunk_id: "11642",
    hash: "15699228b74e8df8",
  ),
  JsHashEntry(
    chunk_id: "11753",
    hash: "cac2356fa16517f5",
  ),
  JsHashEntry(
    chunk_id: "11866",
    hash: "077c5b0b8fe84a05",
  ),
  JsHashEntry(
    chunk_id: "12009",
    hash: "a0b1e52ea984bbd6",
  ),
  JsHashEntry(
    chunk_id: "12014",
    hash: "f7025e14a810c4da",
  ),
  JsHashEntry(
    chunk_id: "12055",
    hash: "02ebf231d366235d",
  ),
  JsHashEntry(
    chunk_id: "12075",
    hash: "73b98d047ee239ea",
  ),
  JsHashEntry(
    chunk_id: "12112",
    hash: "387f8dd48e9b1ba0",
  ),
  JsHashEntry(
    chunk_id: "12158",
    hash: "24a97dab17174cc9",
  ),
  JsHashEntry(
    chunk_id: "12192",
    hash: "cb765b31a071ee50",
  ),
  JsHashEntry(
    chunk_id: "12241",
    hash: "112f100c10259456",
  ),
  JsHashEntry(
    chunk_id: "12334",
    hash: "6fc7f9373b4dc30d",
  ),
  JsHashEntry(
    chunk_id: "1249",
    hash: "843c0d91797e162e",
  ),
  JsHashEntry(
    chunk_id: "12555",
    hash: "b5af9d9987dc6975",
  ),
  JsHashEntry(
    chunk_id: "1272",
    hash: "ceefce1732d21cb4",
  ),
  JsHashEntry(
    chunk_id: "12747",
    hash: "e11d62f44f0a4c33",
  ),
  JsHashEntry(
    chunk_id: "12831",
    hash: "d1829fab4a5b3a60",
  ),
  JsHashEntry(
    chunk_id: "12858",
    hash: "f68ad6c1c50b25a3",
  ),
  JsHashEntry(
    chunk_id: "1286",
    hash: "9ef20e80617b5bd8",
  ),
  JsHashEntry(
    chunk_id: "12885",
    hash: "7bd2caf5c95dd8b2",
  ),
  JsHashEntry(
    chunk_id: "1289",
    hash: "3abf8a9c670b1d6e",
  ),
  JsHashEntry(
    chunk_id: "12891",
    hash: "4af83e266433ae73",
  ),
  JsHashEntry(
    chunk_id: "1291",
    hash: "f032ca17cc24222e",
  ),
  JsHashEntry(
    chunk_id: "13024",
    hash: "e8e55e49a2dc1ea2",
  ),
  JsHashEntry(
    chunk_id: "13111",
    hash: "427c418c53eebbce",
  ),
  JsHashEntry(
    chunk_id: "13263",
    hash: "53fa2b65d3fe66ff",
  ),
  JsHashEntry(
    chunk_id: "13368",
    hash: "4bb0755cb7772dcd",
  ),
  JsHashEntry(
    chunk_id: "13474",
    hash: "7cc3550cb30ec4fe",
  ),
  JsHashEntry(
    chunk_id: "13737",
    hash: "a32ff91ce69c0dc6",
  ),
  JsHashEntry(
    chunk_id: "13813",
    hash: "5f7437d9ff316582",
  ),
  JsHashEntry(
    chunk_id: "13878",
    hash: "450477e106284ada",
  ),
  JsHashEntry(
    chunk_id: "13945",
    hash: "9f390c5efda7d221",
  ),
  JsHashEntry(
    chunk_id: "13965",
    hash: "816deaa1dc71ffa5",
  ),
  JsHashEntry(
    chunk_id: "13997",
    hash: "5ef3730f400d5c9d",
  ),
  JsHashEntry(
    chunk_id: "14017",
    hash: "195e6985c0def208",
  ),
  JsHashEntry(
    chunk_id: "14021",
    hash: "07a1454a0fa70dd9",
  ),
  JsHashEntry(
    chunk_id: "14192",
    hash: "e68fdb15f2e5a6ec",
  ),
  JsHashEntry(
    chunk_id: "14280",
    hash: "4f106527b26d96da",
  ),
  JsHashEntry(
    chunk_id: "14315",
    hash: "6d9d7b0e539891e9",
  ),
  JsHashEntry(
    chunk_id: "14417",
    hash: "ca78f876af6afd95",
  ),
  JsHashEntry(
    chunk_id: "14466",
    hash: "0c6ad392fef24133",
  ),
  JsHashEntry(
    chunk_id: "14486",
    hash: "f9efdab82544471e",
  ),
  JsHashEntry(
    chunk_id: "14519",
    hash: "4dd21bb0e89d6265",
  ),
  JsHashEntry(
    chunk_id: "14531",
    hash: "6661147c502b6af8",
  ),
  JsHashEntry(
    chunk_id: "1457",
    hash: "293da9ce2e9e5dbe",
  ),
  JsHashEntry(
    chunk_id: "14604",
    hash: "5d62a90b2ec4163c",
  ),
  JsHashEntry(
    chunk_id: "14760",
    hash: "5bb9b880a94735d5",
  ),
  JsHashEntry(
    chunk_id: "1497",
    hash: "b2b6b420d2198f6f",
  ),
  JsHashEntry(
    chunk_id: "15015",
    hash: "04603986520b2be8",
  ),
  JsHashEntry(
    chunk_id: "15066",
    hash: "e87db8ffbd5fd3bf",
  ),
  JsHashEntry(
    chunk_id: "15076",
    hash: "4e11f0a8b7d995da",
  ),
  JsHashEntry(
    chunk_id: "153",
    hash: "1d1570b8cfb893a6",
  ),
  JsHashEntry(
    chunk_id: "15330",
    hash: "85f144cc19407bae",
  ),
  JsHashEntry(
    chunk_id: "1544",
    hash: "b18a38ab2b63e5e9",
  ),
  JsHashEntry(
    chunk_id: "15778",
    hash: "44094d3fa09f2d00",
  ),
  JsHashEntry(
    chunk_id: "15915",
    hash: "a02c90464f094013",
  ),
  JsHashEntry(
    chunk_id: "16039",
    hash: "cdcd1db4c010e3d5",
  ),
  JsHashEntry(
    chunk_id: "16087",
    hash: "35f8a7fff5b0fa88",
  ),
  JsHashEntry(
    chunk_id: "16120",
    hash: "9eca7635023f6dbc",
  ),
  JsHashEntry(
    chunk_id: "16158",
    hash: "903e89aecba85071",
  ),
  JsHashEntry(
    chunk_id: "16169",
    hash: "ba68e56536f9aeef",
  ),
  JsHashEntry(
    chunk_id: "16228",
    hash: "3dd0653c865a05eb",
  ),
  JsHashEntry(
    chunk_id: "16316",
    hash: "6047953d9de53e4f",
  ),
  JsHashEntry(
    chunk_id: "16359",
    hash: "8803cb10ecf60e29",
  ),
  JsHashEntry(
    chunk_id: "16567",
    hash: "c155e8c0a2b7b838",
  ),
  JsHashEntry(
    chunk_id: "16757",
    hash: "e6263b1c1a7f384d",
  ),
  JsHashEntry(
    chunk_id: "16920",
    hash: "04252fe318f4fdf1",
  ),
  JsHashEntry(
    chunk_id: "1716",
    hash: "3e5403b14befa1ed",
  ),
  JsHashEntry(
    chunk_id: "1727",
    hash: "e550ca933bc553b5",
  ),
  JsHashEntry(
    chunk_id: "17283",
    hash: "bdad11ce8aedf418",
  ),
  JsHashEntry(
    chunk_id: "17284",
    hash: "dab6ba1511f9aaf0",
  ),
  JsHashEntry(
    chunk_id: "1750",
    hash: "bbb910247e3bdf1c",
  ),
  JsHashEntry(
    chunk_id: "17589",
    hash: "e81d53218b3d4dfd",
  ),
  JsHashEntry(
    chunk_id: "17598",
    hash: "2ce2356c2eb49629",
  ),
  JsHashEntry(
    chunk_id: "17610",
    hash: "595b9a2ffc521f0b",
  ),
  JsHashEntry(
    chunk_id: "17712",
    hash: "c95a43be27ad189c",
  ),
  JsHashEntry(
    chunk_id: "1806",
    hash: "94a09a015b67eaf2",
  ),
  JsHashEntry(
    chunk_id: "1812",
    hash: "29230ce3c53387a3",
  ),
  JsHashEntry(
    chunk_id: "18174",
    hash: "cf51622f139b7627",
  ),
  JsHashEntry(
    chunk_id: "18259",
    hash: "a89ac1bdd508f3af",
  ),
  JsHashEntry(
    chunk_id: "18320",
    hash: "5b0cbf80ac83e572",
  ),
  JsHashEntry(
    chunk_id: "18367",
    hash: "fedd93005e24c333",
  ),
  JsHashEntry(
    chunk_id: "18417",
    hash: "cda6616c7cab9f52",
  ),
  JsHashEntry(
    chunk_id: "1862",
    hash: "69e8c3410c59202b",
  ),
  JsHashEntry(
    chunk_id: "18639",
    hash: "ba5f2d16b1cd5fe8",
  ),
  JsHashEntry(
    chunk_id: "18664",
    hash: "2f3f1f9c22b4c53a",
  ),
  JsHashEntry(
    chunk_id: "18793",
    hash: "7f7de9ea80a8073e",
  ),
  JsHashEntry(
    chunk_id: "18831",
    hash: "82bc337ae3431d0c",
  ),
  JsHashEntry(
    chunk_id: "18879",
    hash: "4c158fb346a38281",
  ),
  JsHashEntry(
    chunk_id: "18912",
    hash: "e74a9ff490f1bc79",
  ),
  JsHashEntry(
    chunk_id: "18919",
    hash: "ad3ffbbc6e735ea2",
  ),
  JsHashEntry(
    chunk_id: "18950",
    hash: "813d643588518ee8",
  ),
  JsHashEntry(
    chunk_id: "19013",
    hash: "0e197077938747b5",
  ),
  JsHashEntry(
    chunk_id: "19038",
    hash: "fa6fced69d91a727",
  ),
  JsHashEntry(
    chunk_id: "1906",
    hash: "eea94cc51c3cb774",
  ),
  JsHashEntry(
    chunk_id: "19083",
    hash: "69e776063595857e",
  ),
  JsHashEntry(
    chunk_id: "19538",
    hash: "fe8ed35962bc77c4",
  ),
  JsHashEntry(
    chunk_id: "19611",
    hash: "0cb3d2e807891f37",
  ),
  JsHashEntry(
    chunk_id: "19701",
    hash: "98a94afea38a055d",
  ),
  JsHashEntry(
    chunk_id: "19726",
    hash: "c8b1ad2bddee6b15",
  ),
  JsHashEntry(
    chunk_id: "19885",
    hash: "41cbc72ad185bfa5",
  ),
  JsHashEntry(
    chunk_id: "20045",
    hash: "9bf7045274b1dbb7",
  ),
  JsHashEntry(
    chunk_id: "20102",
    hash: "69ded4c1f867ed12",
  ),
  JsHashEntry(
    chunk_id: "20114",
    hash: "4483a13f446ea2c2",
  ),
  JsHashEntry(
    chunk_id: "20176",
    hash: "ffb4fbf538c60d09",
  ),
  JsHashEntry(
    chunk_id: "20196",
    hash: "fe8bc12bed523b54",
  ),
  JsHashEntry(
    chunk_id: "20212",
    hash: "38a5e92588925ffa",
  ),
  JsHashEntry(
    chunk_id: "2026",
    hash: "1b391094b41b6d66",
  ),
  JsHashEntry(
    chunk_id: "20268",
    hash: "ba17a6870636a2db",
  ),
  JsHashEntry(
    chunk_id: "20294",
    hash: "8079ac6fa944f874",
  ),
  JsHashEntry(
    chunk_id: "20353",
    hash: "873fe89790452bb9",
  ),
  JsHashEntry(
    chunk_id: "2045",
    hash: "1b69a3c0ed41a7fd",
  ),
  JsHashEntry(
    chunk_id: "20469",
    hash: "e3adac01d4faf372",
  ),
  JsHashEntry(
    chunk_id: "20499",
    hash: "32eefd44183ab7f0",
  ),
  JsHashEntry(
    chunk_id: "20501",
    hash: "040902d1ae847e2c",
  ),
  JsHashEntry(
    chunk_id: "20524",
    hash: "292e920bdbf6a8d5",
  ),
  JsHashEntry(
    chunk_id: "20565",
    hash: "f49c2e0cb6f94577",
  ),
  JsHashEntry(
    chunk_id: "20568",
    hash: "da723d8f112cbaa7",
  ),
  JsHashEntry(
    chunk_id: "20997",
    hash: "2ea66b97db047e04",
  ),
  JsHashEntry(
    chunk_id: "21046",
    hash: "b9b0a49ea132483f",
  ),
  JsHashEntry(
    chunk_id: "21112",
    hash: "fd570360c068d823",
  ),
  JsHashEntry(
    chunk_id: "21117",
    hash: "11ce78a34660717c",
  ),
  JsHashEntry(
    chunk_id: "21254",
    hash: "50e0a6a36d557ea0",
  ),
  JsHashEntry(
    chunk_id: "21340",
    hash: "d7a8385349fc99e2",
  ),
  JsHashEntry(
    chunk_id: "21395",
    hash: "7702c0d41fcc49a4",
  ),
  JsHashEntry(
    chunk_id: "21442",
    hash: "c465da6230cbc238",
  ),
  JsHashEntry(
    chunk_id: "21612",
    hash: "ef78b5475d4a5f9c",
  ),
  JsHashEntry(
    chunk_id: "21617",
    hash: "c385be0e81124493",
  ),
  JsHashEntry(
    chunk_id: "21778",
    hash: "e7521423bc751870",
  ),
  JsHashEntry(
    chunk_id: "21812",
    hash: "246604fb7fc40b1b",
  ),
  JsHashEntry(
    chunk_id: "21863",
    hash: "e494dad628a3958a",
  ),
  JsHashEntry(
    chunk_id: "21897",
    hash: "810c08fe4c853149",
  ),
  JsHashEntry(
    chunk_id: "219",
    hash: "fb266db0d52583c5",
  ),
  JsHashEntry(
    chunk_id: "21960",
    hash: "45839aadec072bf8",
  ),
  JsHashEntry(
    chunk_id: "21971",
    hash: "95072be6832bdce8",
  ),
  JsHashEntry(
    chunk_id: "2199",
    hash: "b40f0c9829ddb534",
  ),
  JsHashEntry(
    chunk_id: "22042",
    hash: "04422caff4ca3087",
  ),
  JsHashEntry(
    chunk_id: "22101",
    hash: "2c1547e2d6a71975",
  ),
  JsHashEntry(
    chunk_id: "22173",
    hash: "31f449c32e206559",
  ),
  JsHashEntry(
    chunk_id: "22183",
    hash: "68c52aafcb6543e4",
  ),
  JsHashEntry(
    chunk_id: "22234",
    hash: "5b01cedf6a219769",
  ),
  JsHashEntry(
    chunk_id: "22265",
    hash: "dba7b1f3d9910fcd",
  ),
  JsHashEntry(
    chunk_id: "22274",
    hash: "25b5f43fbcf33304",
  ),
  JsHashEntry(
    chunk_id: "22447",
    hash: "64e62bb9245d6bd7",
  ),
  JsHashEntry(
    chunk_id: "2247",
    hash: "29e2b8aff5d6ddc6",
  ),
  JsHashEntry(
    chunk_id: "22482",
    hash: "dda689b0a2baeca9",
  ),
  JsHashEntry(
    chunk_id: "22523",
    hash: "31c741303c819ac7",
  ),
  JsHashEntry(
    chunk_id: "22556",
    hash: "6844373a824f73f7",
  ),
  JsHashEntry(
    chunk_id: "226",
    hash: "56b288a95fa30557",
  ),
  JsHashEntry(
    chunk_id: "22602",
    hash: "460a46dc077cc8af",
  ),
  JsHashEntry(
    chunk_id: "2262",
    hash: "9a239dbc0986223f",
  ),
  JsHashEntry(
    chunk_id: "22686",
    hash: "d060ea0e01497e4f",
  ),
  JsHashEntry(
    chunk_id: "22942",
    hash: "23b5ff87a334f69c",
  ),
  JsHashEntry(
    chunk_id: "22981",
    hash: "d34545d74279f3db",
  ),
  JsHashEntry(
    chunk_id: "22984",
    hash: "f3be4ac20c3f498e",
  ),
  JsHashEntry(
    chunk_id: "23087",
    hash: "974dc996008f49a3",
  ),
  JsHashEntry(
    chunk_id: "23164",
    hash: "c1ec049582df7354",
  ),
  JsHashEntry(
    chunk_id: "23353",
    hash: "54760cafe51a48f0",
  ),
  JsHashEntry(
    chunk_id: "23357",
    hash: "88863c0c036b762a",
  ),
  JsHashEntry(
    chunk_id: "23390",
    hash: "61c62c32fcb894bb",
  ),
  JsHashEntry(
    chunk_id: "23397",
    hash: "3db31410f8d2ff18",
  ),
  JsHashEntry(
    chunk_id: "23401",
    hash: "006f515c143806de",
  ),
  JsHashEntry(
    chunk_id: "23746",
    hash: "eeafae9ab4a01e52",
  ),
  JsHashEntry(
    chunk_id: "23787",
    hash: "7c412f43718efce0",
  ),
  JsHashEntry(
    chunk_id: "23835",
    hash: "7612a3ff1597e34e",
  ),
  JsHashEntry(
    chunk_id: "23847",
    hash: "527a9ea88393aded",
  ),
  JsHashEntry(
    chunk_id: "24017",
    hash: "3fd2afa0f7050f07",
  ),
  JsHashEntry(
    chunk_id: "24209",
    hash: "347bde8321d87edd",
  ),
  JsHashEntry(
    chunk_id: "2429",
    hash: "cca7d21bb88d5d97",
  ),
  JsHashEntry(
    chunk_id: "24291",
    hash: "39c9d7cf2c97878a",
  ),
  JsHashEntry(
    chunk_id: "24314",
    hash: "2a59d15f30e1b7a4",
  ),
  JsHashEntry(
    chunk_id: "2435",
    hash: "29776afcfe61d88c",
  ),
  JsHashEntry(
    chunk_id: "24478",
    hash: "ccada602a31cb361",
  ),
  JsHashEntry(
    chunk_id: "24509",
    hash: "8930d9ba4c828773",
  ),
  JsHashEntry(
    chunk_id: "24514",
    hash: "ff304853b4abf5cd",
  ),
  JsHashEntry(
    chunk_id: "24530",
    hash: "90e14f00ecc7b63e",
  ),
  JsHashEntry(
    chunk_id: "24531",
    hash: "76a10d65a3762f9e",
  ),
  JsHashEntry(
    chunk_id: "24584",
    hash: "bf8a455f927ce48a",
  ),
  JsHashEntry(
    chunk_id: "24641",
    hash: "302abdb687fbf69e",
  ),
  JsHashEntry(
    chunk_id: "24783",
    hash: "8673c591243add25",
  ),
  JsHashEntry(
    chunk_id: "24920",
    hash: "b58d69cad95579fc",
  ),
  JsHashEntry(
    chunk_id: "25046",
    hash: "f97829c96bf3623c",
  ),
  JsHashEntry(
    chunk_id: "25070",
    hash: "c06b56995decac35",
  ),
  JsHashEntry(
    chunk_id: "25073",
    hash: "800f02d35a855825",
  ),
  JsHashEntry(
    chunk_id: "25120",
    hash: "05ebb70b2bceb6c9",
  ),
  JsHashEntry(
    chunk_id: "25330",
    hash: "a551a8454d3e78b1",
  ),
  JsHashEntry(
    chunk_id: "2535",
    hash: "c822ae283e308865",
  ),
  JsHashEntry(
    chunk_id: "25380",
    hash: "4e3c294fffeac182",
  ),
  JsHashEntry(
    chunk_id: "25421",
    hash: "b7f33f2d3e39debd",
  ),
  JsHashEntry(
    chunk_id: "25443",
    hash: "d0a646504dee3675",
  ),
  JsHashEntry(
    chunk_id: "25507",
    hash: "07a7d5414e2c1e29",
  ),
  JsHashEntry(
    chunk_id: "25520",
    hash: "4fe90681c08fc82e",
  ),
  JsHashEntry(
    chunk_id: "2561",
    hash: "b2eb87e0c4fd5a39",
  ),
  JsHashEntry(
    chunk_id: "25688",
    hash: "7c6f748d323303bc",
  ),
  JsHashEntry(
    chunk_id: "25748",
    hash: "2c4a9ddbd211baf6",
  ),
  JsHashEntry(
    chunk_id: "25759",
    hash: "728373960589af9d",
  ),
  JsHashEntry(
    chunk_id: "25761",
    hash: "52d270c1bf218acd",
  ),
  JsHashEntry(
    chunk_id: "25806",
    hash: "60a143231945febc",
  ),
  JsHashEntry(
    chunk_id: "26196",
    hash: "8a52f3fed8535a39",
  ),
  JsHashEntry(
    chunk_id: "2634",
    hash: "a118fa23ffec0c98",
  ),
  JsHashEntry(
    chunk_id: "2641",
    hash: "2cd207494109a018",
  ),
  JsHashEntry(
    chunk_id: "26432",
    hash: "3556fb46118a4816",
  ),
  JsHashEntry(
    chunk_id: "26539",
    hash: "a93c6430a691799e",
  ),
  JsHashEntry(
    chunk_id: "26545",
    hash: "a3c601d993c40bd8",
  ),
  JsHashEntry(
    chunk_id: "26549",
    hash: "6acc5a53f0691a8e",
  ),
  JsHashEntry(
    chunk_id: "26775",
    hash: "d1aa05f78d3ede65",
  ),
  JsHashEntry(
    chunk_id: "26976",
    hash: "2172948d3c71d20c",
  ),
  JsHashEntry(
    chunk_id: "27157",
    hash: "291f9ca7aeff1b78",
  ),
  JsHashEntry(
    chunk_id: "27181",
    hash: "7884343f3f7df7fe",
  ),
  JsHashEntry(
    chunk_id: "27204",
    hash: "9c37031f3c1c556c",
  ),
  JsHashEntry(
    chunk_id: "27278",
    hash: "f7f8fd88c948d296",
  ),
  JsHashEntry(
    chunk_id: "27304",
    hash: "038433330d433253",
  ),
  JsHashEntry(
    chunk_id: "27381",
    hash: "5e79e817db586366",
  ),
  JsHashEntry(
    chunk_id: "27434",
    hash: "56624141edf6b550",
  ),
  JsHashEntry(
    chunk_id: "27438",
    hash: "2c0a4b0b0e1efecb",
  ),
  JsHashEntry(
    chunk_id: "27526",
    hash: "9a84d0ca21c631ce",
  ),
  JsHashEntry(
    chunk_id: "27530",
    hash: "26466ed62691d120",
  ),
  JsHashEntry(
    chunk_id: "27601",
    hash: "938a885eede03c12",
  ),
  JsHashEntry(
    chunk_id: "27610",
    hash: "a0711765e52cf319",
  ),
  JsHashEntry(
    chunk_id: "27751",
    hash: "a8904cee332eec0c",
  ),
  JsHashEntry(
    chunk_id: "27822",
    hash: "750b635c484ecff0",
  ),
  JsHashEntry(
    chunk_id: "27919",
    hash: "f12134d27dc1c86a",
  ),
  JsHashEntry(
    chunk_id: "27978",
    hash: "77a1ca3abed11745",
  ),
  JsHashEntry(
    chunk_id: "28102",
    hash: "252d3b6118d27b20",
  ),
  JsHashEntry(
    chunk_id: "28190",
    hash: "e53cece1bda9221e",
  ),
  JsHashEntry(
    chunk_id: "28229",
    hash: "9ccd763e52f0ce9a",
  ),
  JsHashEntry(
    chunk_id: "28249",
    hash: "28a824870f0a61a2",
  ),
  JsHashEntry(
    chunk_id: "28382",
    hash: "67bcbfdbf4596ab7",
  ),
  JsHashEntry(
    chunk_id: "28479",
    hash: "7f0010ca00085c5b",
  ),
  JsHashEntry(
    chunk_id: "28532",
    hash: "c4835705c03d8518",
  ),
  JsHashEntry(
    chunk_id: "28538",
    hash: "1a4f0c0bd770d8dd",
  ),
  JsHashEntry(
    chunk_id: "28934",
    hash: "2ab90dba47644d4b",
  ),
  JsHashEntry(
    chunk_id: "28945",
    hash: "4e65d15853d24586",
  ),
  JsHashEntry(
    chunk_id: "28990",
    hash: "f231cb10e343bfc3",
  ),
  JsHashEntry(
    chunk_id: "29066",
    hash: "5cdef8ec3b2774c9",
  ),
  JsHashEntry(
    chunk_id: "2911",
    hash: "c4d1d976bb33183f",
  ),
  JsHashEntry(
    chunk_id: "29158",
    hash: "5009156ac4e64f71",
  ),
  JsHashEntry(
    chunk_id: "29171",
    hash: "526867fa2c256221",
  ),
  JsHashEntry(
    chunk_id: "29205",
    hash: "4136a4537bd6c5cc",
  ),
  JsHashEntry(
    chunk_id: "29393",
    hash: "3be9cb385336f479",
  ),
  JsHashEntry(
    chunk_id: "29396",
    hash: "40a3a580edef2f8d",
  ),
  JsHashEntry(
    chunk_id: "29475",
    hash: "0d6951bee8adb636",
  ),
  JsHashEntry(
    chunk_id: "29608",
    hash: "3ff4aa5b2b4cfe56",
  ),
  JsHashEntry(
    chunk_id: "29641",
    hash: "5364837f83ca5019",
  ),
  JsHashEntry(
    chunk_id: "29646",
    hash: "9aeefd9560d4d978",
  ),
  JsHashEntry(
    chunk_id: "29674",
    hash: "e5f3a8bbe73e6f50",
  ),
  JsHashEntry(
    chunk_id: "29709",
    hash: "71b36400d3e1f96b",
  ),
  JsHashEntry(
    chunk_id: "29780",
    hash: "1f70da4475d5b490",
  ),
  JsHashEntry(
    chunk_id: "29871",
    hash: "7b581ae03ccee089",
  ),
  JsHashEntry(
    chunk_id: "29991",
    hash: "14ce0dd403ece678",
  ),
  JsHashEntry(
    chunk_id: "30019",
    hash: "90664ced7b9e4295",
  ),
  JsHashEntry(
    chunk_id: "30042",
    hash: "e9627feaac4030ea",
  ),
  JsHashEntry(
    chunk_id: "30261",
    hash: "1a281a6989dd1006",
  ),
  JsHashEntry(
    chunk_id: "30355",
    hash: "bf095c3ec04b3651",
  ),
  JsHashEntry(
    chunk_id: "30556",
    hash: "ac4eef27f553daac",
  ),
  JsHashEntry(
    chunk_id: "30634",
    hash: "a1b8b615f04b0ca2",
  ),
  JsHashEntry(
    chunk_id: "30677",
    hash: "ff512c2a98b8ef12",
  ),
  JsHashEntry(
    chunk_id: "30679",
    hash: "2bd5135be103fe67",
  ),
  JsHashEntry(
    chunk_id: "30720",
    hash: "93159186a2d7887c",
  ),
  JsHashEntry(
    chunk_id: "30743",
    hash: "23540d2b9f7d830d",
  ),
  JsHashEntry(
    chunk_id: "30792",
    hash: "bc01ad4eb4a7ab29",
  ),
  JsHashEntry(
    chunk_id: "30826",
    hash: "2e2705e647ffebac",
  ),
  JsHashEntry(
    chunk_id: "30883",
    hash: "b1d5b7d0ad5a8c6c",
  ),
  JsHashEntry(
    chunk_id: "30896",
    hash: "ddf4138df1f1eb04",
  ),
  JsHashEntry(
    chunk_id: "3090",
    hash: "91f7dbb86ea18bbd",
  ),
  JsHashEntry(
    chunk_id: "30997",
    hash: "d608173c825ef1c6",
  ),
  JsHashEntry(
    chunk_id: "31021",
    hash: "4c4cbb049e6e66e7",
  ),
  JsHashEntry(
    chunk_id: "31085",
    hash: "b4edf52441a66b7c",
  ),
  JsHashEntry(
    chunk_id: "3115",
    hash: "10ce8ffd8c6cbf9f",
  ),
  JsHashEntry(
    chunk_id: "31173",
    hash: "8626bf486e84a9d1",
  ),
  JsHashEntry(
    chunk_id: "31207",
    hash: "b0d17d6fd97d09bb",
  ),
  JsHashEntry(
    chunk_id: "31216",
    hash: "2a1a32fef6e2f5ab",
  ),
  JsHashEntry(
    chunk_id: "31288",
    hash: "7aa0b735f7f5ffd8",
  ),
  JsHashEntry(
    chunk_id: "31399",
    hash: "964bdb60ba3b361d",
  ),
  JsHashEntry(
    chunk_id: "31422",
    hash: "d227826bcbbc1abb",
  ),
  JsHashEntry(
    chunk_id: "31453",
    hash: "79807cd4df7dca84",
  ),
  JsHashEntry(
    chunk_id: "31538",
    hash: "c14c0062624cb5ec",
  ),
  JsHashEntry(
    chunk_id: "31649",
    hash: "1de4d165f4bd8ee1",
  ),
  JsHashEntry(
    chunk_id: "31667",
    hash: "7c92abda264d78c6",
  ),
  JsHashEntry(
    chunk_id: "31674",
    hash: "0f05d9c2baa524d6",
  ),
  JsHashEntry(
    chunk_id: "31755",
    hash: "e0b3110a999ff77a",
  ),
  JsHashEntry(
    chunk_id: "31835",
    hash: "fc20ed3fef5762fc",
  ),
  JsHashEntry(
    chunk_id: "31899",
    hash: "48b3308feb363a7c",
  ),
  JsHashEntry(
    chunk_id: "3190",
    hash: "35be78a083f8d10e",
  ),
  JsHashEntry(
    chunk_id: "31907",
    hash: "68cca73a70c50d3a",
  ),
  JsHashEntry(
    chunk_id: "31924",
    hash: "94dc72c2ecea24c3",
  ),
  JsHashEntry(
    chunk_id: "32157",
    hash: "03b4a0f2ed00b68f",
  ),
  JsHashEntry(
    chunk_id: "32249",
    hash: "4598785df0ba7cce",
  ),
  JsHashEntry(
    chunk_id: "32382",
    hash: "e555a3a0afb8cffb",
  ),
  JsHashEntry(
    chunk_id: "32561",
    hash: "1ee17936b515c76b",
  ),
  JsHashEntry(
    chunk_id: "32725",
    hash: "813a849b2800ca47",
  ),
  JsHashEntry(
    chunk_id: "32757",
    hash: "6779eaa8c0bfc39d",
  ),
  JsHashEntry(
    chunk_id: "3277",
    hash: "84cead79954e8049",
  ),
  JsHashEntry(
    chunk_id: "32889",
    hash: "5b3ccf98cbe3ab6b",
  ),
  JsHashEntry(
    chunk_id: "3289",
    hash: "033b0f0f46306034",
  ),
  JsHashEntry(
    chunk_id: "3291",
    hash: "41bdb2624a8ca223",
  ),
  JsHashEntry(
    chunk_id: "32990",
    hash: "d21aa936e957eb55",
  ),
  JsHashEntry(
    chunk_id: "33018",
    hash: "5182a5dd76656770",
  ),
  JsHashEntry(
    chunk_id: "33065",
    hash: "ed88ed3155a308c0",
  ),
  JsHashEntry(
    chunk_id: "33156",
    hash: "3906a98961d29e62",
  ),
  JsHashEntry(
    chunk_id: "33184",
    hash: "7aadf3819a55c71e",
  ),
  JsHashEntry(
    chunk_id: "33213",
    hash: "2d5cc120e069d72f",
  ),
  JsHashEntry(
    chunk_id: "33238",
    hash: "baeec849a569af7f",
  ),
  JsHashEntry(
    chunk_id: "33285",
    hash: "cf0f26826d8a71e3",
  ),
  JsHashEntry(
    chunk_id: "33313",
    hash: "55d3e9555a33a572",
  ),
  JsHashEntry(
    chunk_id: "33356",
    hash: "194c5f253e2ab1d1",
  ),
  JsHashEntry(
    chunk_id: "33376",
    hash: "907afe4286bebc88",
  ),
  JsHashEntry(
    chunk_id: "33397",
    hash: "c34e37bbd83d7a7b",
  ),
  JsHashEntry(
    chunk_id: "33469",
    hash: "cc70d70af23f8ab2",
  ),
  JsHashEntry(
    chunk_id: "33477",
    hash: "06bbf7dde848ac3a",
  ),
  JsHashEntry(
    chunk_id: "33504",
    hash: "04f486f8448db9fa",
  ),
  JsHashEntry(
    chunk_id: "33551",
    hash: "e24a645fadcc8552",
  ),
  JsHashEntry(
    chunk_id: "33564",
    hash: "9236cfca538d97f4",
  ),
  JsHashEntry(
    chunk_id: "33594",
    hash: "9b47c99c7e666114",
  ),
  JsHashEntry(
    chunk_id: "33606",
    hash: "7c1f8d0325b73d2b",
  ),
  JsHashEntry(
    chunk_id: "33628",
    hash: "01c273cb56bfee6e",
  ),
  JsHashEntry(
    chunk_id: "33641",
    hash: "7259d8819eeadf6f",
  ),
  JsHashEntry(
    chunk_id: "33721",
    hash: "eb3351036f699222",
  ),
  JsHashEntry(
    chunk_id: "33728",
    hash: "5c2f386e80845d25",
  ),
  JsHashEntry(
    chunk_id: "3378",
    hash: "5a3d0e520432b6f5",
  ),
  JsHashEntry(
    chunk_id: "33811",
    hash: "0abc82d7f0ff614d",
  ),
  JsHashEntry(
    chunk_id: "34104",
    hash: "ee1d140625f1195e",
  ),
  JsHashEntry(
    chunk_id: "34122",
    hash: "1192b6d5a0a0cb50",
  ),
  JsHashEntry(
    chunk_id: "34191",
    hash: "46aba4218694ba9a",
  ),
  JsHashEntry(
    chunk_id: "34261",
    hash: "5f83c9245b93a27d",
  ),
  JsHashEntry(
    chunk_id: "34572",
    hash: "5d12be746cdb9e9b",
  ),
  JsHashEntry(
    chunk_id: "34684",
    hash: "289923c7165d307d",
  ),
  JsHashEntry(
    chunk_id: "34906",
    hash: "f1847e83663b7de8",
  ),
  JsHashEntry(
    chunk_id: "34933",
    hash: "3b728edac96aab07",
  ),
  JsHashEntry(
    chunk_id: "34988",
    hash: "6c23c782b2fed5c0",
  ),
  JsHashEntry(
    chunk_id: "35027",
    hash: "126d2aded1e38ccb",
  ),
  JsHashEntry(
    chunk_id: "35147",
    hash: "5a27b7b2ce6ef564",
  ),
  JsHashEntry(
    chunk_id: "35244",
    hash: "cca10930eadd105e",
  ),
  JsHashEntry(
    chunk_id: "35247",
    hash: "024193c805343e9d",
  ),
  JsHashEntry(
    chunk_id: "35282",
    hash: "40ebaefb0aff9189",
  ),
  JsHashEntry(
    chunk_id: "35395",
    hash: "4adf38af891c395d",
  ),
  JsHashEntry(
    chunk_id: "35401",
    hash: "6bd3ab4dda6237eb",
  ),
  JsHashEntry(
    chunk_id: "35489",
    hash: "897aa33f6dee8983",
  ),
  JsHashEntry(
    chunk_id: "35535",
    hash: "d608924869a312af",
  ),
  JsHashEntry(
    chunk_id: "35641",
    hash: "f521d5831d59ff19",
  ),
  JsHashEntry(
    chunk_id: "35753",
    hash: "be7534182e47f3d2",
  ),
  JsHashEntry(
    chunk_id: "35755",
    hash: "58c2b53a965592b9",
  ),
  JsHashEntry(
    chunk_id: "35795",
    hash: "d2906f3a9919e89c",
  ),
  JsHashEntry(
    chunk_id: "35855",
    hash: "a3ffc118f5cf07a2",
  ),
  JsHashEntry(
    chunk_id: "35869",
    hash: "24c2c8793f17ecd2",
  ),
  JsHashEntry(
    chunk_id: "35879",
    hash: "892053c757269acb",
  ),
  JsHashEntry(
    chunk_id: "36052",
    hash: "61f97bffb282cfac",
  ),
  JsHashEntry(
    chunk_id: "36127",
    hash: "303bcc1437cafece",
  ),
  JsHashEntry(
    chunk_id: "36312",
    hash: "6c44462280b299dc",
  ),
  JsHashEntry(
    chunk_id: "36371",
    hash: "1d8f8b83578e82de",
  ),
  JsHashEntry(
    chunk_id: "36427",
    hash: "ae493712cf8b7d20",
  ),
  JsHashEntry(
    chunk_id: "36514",
    hash: "e2be69177beda449",
  ),
  JsHashEntry(
    chunk_id: "36605",
    hash: "d6a42eceaf027c73",
  ),
  JsHashEntry(
    chunk_id: "36745",
    hash: "ce65a590310bbc5a",
  ),
  JsHashEntry(
    chunk_id: "36750",
    hash: "a1e2d269342c6b31",
  ),
  JsHashEntry(
    chunk_id: "36760",
    hash: "c081abcd1d876856",
  ),
  JsHashEntry(
    chunk_id: "36970",
    hash: "201759a2e5d0fee9",
  ),
  JsHashEntry(
    chunk_id: "36995",
    hash: "74ae783d060a8a53",
  ),
  JsHashEntry(
    chunk_id: "37052",
    hash: "ecd509cd506ce735",
  ),
  JsHashEntry(
    chunk_id: "37066",
    hash: "939bbe725595ba9b",
  ),
  JsHashEntry(
    chunk_id: "3719",
    hash: "c4fb1b0655981bd1",
  ),
  JsHashEntry(
    chunk_id: "37194",
    hash: "440c332c4ca2dd2a",
  ),
  JsHashEntry(
    chunk_id: "37220",
    hash: "abc9a624be8a5e45",
  ),
  JsHashEntry(
    chunk_id: "37227",
    hash: "2014bf4bf1f038fb",
  ),
  JsHashEntry(
    chunk_id: "37262",
    hash: "7c0a7e84e0dabe90",
  ),
  JsHashEntry(
    chunk_id: "37357",
    hash: "5540f13afa20838a",
  ),
  JsHashEntry(
    chunk_id: "37372",
    hash: "505980ff1edd5901",
  ),
  JsHashEntry(
    chunk_id: "37473",
    hash: "2a78f152df0c77d6",
  ),
  JsHashEntry(
    chunk_id: "37483",
    hash: "9edaa61a4611ab72",
  ),
  JsHashEntry(
    chunk_id: "37558",
    hash: "5b9517f7b347359e",
  ),
  JsHashEntry(
    chunk_id: "37612",
    hash: "e8d63937ccde7514",
  ),
  JsHashEntry(
    chunk_id: "37655",
    hash: "e9a6c9f04a0abfaf",
  ),
  JsHashEntry(
    chunk_id: "37709",
    hash: "4b3ca2cd5b699404",
  ),
  JsHashEntry(
    chunk_id: "37720",
    hash: "54e3a1b34839f634",
  ),
  JsHashEntry(
    chunk_id: "37880",
    hash: "e21ffe6ecf090910",
  ),
  JsHashEntry(
    chunk_id: "37979",
    hash: "3e0f5d67d4f4934a",
  ),
  JsHashEntry(
    chunk_id: "37989",
    hash: "fa4e5af7d55df8b2",
  ),
  JsHashEntry(
    chunk_id: "38007",
    hash: "ca8124adbb241363",
  ),
  JsHashEntry(
    chunk_id: "38029",
    hash: "c23de18cfcc7b1e5",
  ),
  JsHashEntry(
    chunk_id: "38047",
    hash: "954a283c5194bb6d",
  ),
  JsHashEntry(
    chunk_id: "38062",
    hash: "b6be704093b31478",
  ),
  JsHashEntry(
    chunk_id: "3807",
    hash: "420ba56846b161e3",
  ),
  JsHashEntry(
    chunk_id: "3809",
    hash: "e1fe6495f08317c7",
  ),
  JsHashEntry(
    chunk_id: "38349",
    hash: "b4f09dc7b08bdcbb",
  ),
  JsHashEntry(
    chunk_id: "38413",
    hash: "3c55d20cb0b58790",
  ),
  JsHashEntry(
    chunk_id: "38506",
    hash: "b352c866d318c770",
  ),
  JsHashEntry(
    chunk_id: "38518",
    hash: "2ab90d2f0eab736b",
  ),
  JsHashEntry(
    chunk_id: "38555",
    hash: "d84b3f282fb8d095",
  ),
  JsHashEntry(
    chunk_id: "38576",
    hash: "7757fa8ac4ffe4e1",
  ),
  JsHashEntry(
    chunk_id: "3865",
    hash: "00f18ed941dbd597",
  ),
  JsHashEntry(
    chunk_id: "38697",
    hash: "c38a6ce6777828cd",
  ),
  JsHashEntry(
    chunk_id: "38813",
    hash: "5d5a5ed5f4334f33",
  ),
  JsHashEntry(
    chunk_id: "38953",
    hash: "dd68dbf324e3d31d",
  ),
  JsHashEntry(
    chunk_id: "39009",
    hash: "2572da387cf36ebe",
  ),
  JsHashEntry(
    chunk_id: "39010",
    hash: "8bf0734e69661064",
  ),
  JsHashEntry(
    chunk_id: "3912",
    hash: "d658e093e2af986e",
  ),
  JsHashEntry(
    chunk_id: "39159",
    hash: "84836c85330a698c",
  ),
  JsHashEntry(
    chunk_id: "39173",
    hash: "b0cda96b23c767b0",
  ),
  JsHashEntry(
    chunk_id: "39206",
    hash: "d52642093f1b406b",
  ),
  JsHashEntry(
    chunk_id: "39425",
    hash: "32894d1fbe44411e",
  ),
  JsHashEntry(
    chunk_id: "39476",
    hash: "d0ffc4775f62e0ad",
  ),
  JsHashEntry(
    chunk_id: "39512",
    hash: "2ae901fb6328ea2f",
  ),
  JsHashEntry(
    chunk_id: "39627",
    hash: "0ebf7b747554dbfb",
  ),
  JsHashEntry(
    chunk_id: "39648",
    hash: "1feb7281ead4cdcf",
  ),
  JsHashEntry(
    chunk_id: "39690",
    hash: "85982ac3850ea806",
  ),
  JsHashEntry(
    chunk_id: "3985",
    hash: "26ce649941096e87",
  ),
  JsHashEntry(
    chunk_id: "40016",
    hash: "9258f66ef6e2d4cd",
  ),
  JsHashEntry(
    chunk_id: "40027",
    hash: "0647203ee7e83d76",
  ),
  JsHashEntry(
    chunk_id: "40096",
    hash: "499f2858e70cf7f3",
  ),
  JsHashEntry(
    chunk_id: "40131",
    hash: "ff25c46785c50ed2",
  ),
  JsHashEntry(
    chunk_id: "40157",
    hash: "5be1cfff6ae56f2c",
  ),
  JsHashEntry(
    chunk_id: "40283",
    hash: "cbf8251de441cdea",
  ),
  JsHashEntry(
    chunk_id: "40331",
    hash: "d0beff20708712b2",
  ),
  JsHashEntry(
    chunk_id: "40338",
    hash: "ab3e0f3ca5e97577",
  ),
  JsHashEntry(
    chunk_id: "40390",
    hash: "ea6f3f25517ba827",
  ),
  JsHashEntry(
    chunk_id: "4045",
    hash: "777554ed5dad9e8b",
  ),
  JsHashEntry(
    chunk_id: "40474",
    hash: "69ef1535e535e460",
  ),
  JsHashEntry(
    chunk_id: "40528",
    hash: "46ddb3f2f5191583",
  ),
  JsHashEntry(
    chunk_id: "40563",
    hash: "ead5202867ed8421",
  ),
  JsHashEntry(
    chunk_id: "40603",
    hash: "af4806dbd8f13b93",
  ),
  JsHashEntry(
    chunk_id: "40867",
    hash: "ad67a23474d80b07",
  ),
  JsHashEntry(
    chunk_id: "40897",
    hash: "af00157a248935ef",
  ),
  JsHashEntry(
    chunk_id: "40903",
    hash: "0caa6d7492e66d69",
  ),
  JsHashEntry(
    chunk_id: "4096",
    hash: "802b83c87f9e0fc4",
  ),
  JsHashEntry(
    chunk_id: "410",
    hash: "a2ac841c980a012a",
  ),
  JsHashEntry(
    chunk_id: "41023",
    hash: "fdf4f6bd8a003052",
  ),
  JsHashEntry(
    chunk_id: "41024",
    hash: "1ea536c180cb7177",
  ),
  JsHashEntry(
    chunk_id: "41128",
    hash: "7404c70f8884dac1",
  ),
  JsHashEntry(
    chunk_id: "4114",
    hash: "97b96fb90814db41",
  ),
  JsHashEntry(
    chunk_id: "41152",
    hash: "7257836d4d9d1e16",
  ),
  JsHashEntry(
    chunk_id: "4117",
    hash: "00e49b99505e7e7a",
  ),
  JsHashEntry(
    chunk_id: "41187",
    hash: "b052568b81a0dcd6",
  ),
  JsHashEntry(
    chunk_id: "41259",
    hash: "108a76070fee9929",
  ),
  JsHashEntry(
    chunk_id: "41281",
    hash: "2f060cef490689f5",
  ),
  JsHashEntry(
    chunk_id: "41464",
    hash: "f0b2c3561378a0b6",
  ),
  JsHashEntry(
    chunk_id: "41485",
    hash: "46ea511bf78beefc",
  ),
  JsHashEntry(
    chunk_id: "41543",
    hash: "da428f3357431c28",
  ),
  JsHashEntry(
    chunk_id: "41552",
    hash: "6c5d3dc728878f1d",
  ),
  JsHashEntry(
    chunk_id: "4189",
    hash: "473fe7004d298346",
  ),
  JsHashEntry(
    chunk_id: "41984",
    hash: "04ca3db59c7ed8b1",
  ),
  JsHashEntry(
    chunk_id: "42330",
    hash: "062fa9a64768edaf",
  ),
  JsHashEntry(
    chunk_id: "42358",
    hash: "72990a28d12f748c",
  ),
  JsHashEntry(
    chunk_id: "42483",
    hash: "919e938922db0902",
  ),
  JsHashEntry(
    chunk_id: "42529",
    hash: "c8bf2aeea0fe2d42",
  ),
  JsHashEntry(
    chunk_id: "4266",
    hash: "f3959ef344046825",
  ),
  JsHashEntry(
    chunk_id: "4267",
    hash: "562927023e3b735c",
  ),
  JsHashEntry(
    chunk_id: "42758",
    hash: "4511afb1e70bd6bf",
  ),
  JsHashEntry(
    chunk_id: "42827",
    hash: "debb931339dcbab5",
  ),
  JsHashEntry(
    chunk_id: "43057",
    hash: "a09b22402492dcb7",
  ),
  JsHashEntry(
    chunk_id: "43110",
    hash: "8484ef45a1af3ecc",
  ),
  JsHashEntry(
    chunk_id: "43179",
    hash: "c2f207e0b983047f",
  ),
  JsHashEntry(
    chunk_id: "43350",
    hash: "4003771c51164e74",
  ),
  JsHashEntry(
    chunk_id: "43353",
    hash: "219e6f77a29a2ce6",
  ),
  JsHashEntry(
    chunk_id: "43360",
    hash: "083c69e4a0c7f47b",
  ),
  JsHashEntry(
    chunk_id: "43363",
    hash: "d30c794f6b84e190",
  ),
  JsHashEntry(
    chunk_id: "43364",
    hash: "f01b31d90a7b06eb",
  ),
  JsHashEntry(
    chunk_id: "43673",
    hash: "4714d92fdee2f748",
  ),
  JsHashEntry(
    chunk_id: "43676",
    hash: "3326f304f2277ee5",
  ),
  JsHashEntry(
    chunk_id: "43782",
    hash: "772c3a578b026314",
  ),
  JsHashEntry(
    chunk_id: "43841",
    hash: "665f44b51efb9caf",
  ),
  JsHashEntry(
    chunk_id: "43866",
    hash: "96f8b9bc44b501c9",
  ),
  JsHashEntry(
    chunk_id: "43889",
    hash: "324d77b65bde4ecf",
  ),
  JsHashEntry(
    chunk_id: "43903",
    hash: "827dbb2b30c7de89",
  ),
  JsHashEntry(
    chunk_id: "44011",
    hash: "033df5e1f9430e45",
  ),
  JsHashEntry(
    chunk_id: "44080",
    hash: "b29deecd830ba662",
  ),
  JsHashEntry(
    chunk_id: "44089",
    hash: "174e3f71d9d2c695",
  ),
  JsHashEntry(
    chunk_id: "44153",
    hash: "971eb36f2df63846",
  ),
  JsHashEntry(
    chunk_id: "44156",
    hash: "9be7e3b9b06bfe82",
  ),
  JsHashEntry(
    chunk_id: "4419",
    hash: "08574b492a44879a",
  ),
  JsHashEntry(
    chunk_id: "44380",
    hash: "7e66c395e19e7abd",
  ),
  JsHashEntry(
    chunk_id: "44462",
    hash: "2e5be6ede4476487",
  ),
  JsHashEntry(
    chunk_id: "44538",
    hash: "7f982a6671c885c1",
  ),
  JsHashEntry(
    chunk_id: "44799",
    hash: "5fafdc654774b011",
  ),
  JsHashEntry(
    chunk_id: "44805",
    hash: "5420c0bb9cd7a0b1",
  ),
  JsHashEntry(
    chunk_id: "44808",
    hash: "5cc14e658750bee7",
  ),
  JsHashEntry(
    chunk_id: "44827",
    hash: "bbf7ea080e70b120",
  ),
  JsHashEntry(
    chunk_id: "44867",
    hash: "3625519a54d47820",
  ),
  JsHashEntry(
    chunk_id: "44878",
    hash: "f5148d1911c5778e",
  ),
  JsHashEntry(
    chunk_id: "44969",
    hash: "fb6d255f7c558d63",
  ),
  JsHashEntry(
    chunk_id: "44980",
    hash: "e2e1efa303fcdd92",
  ),
  JsHashEntry(
    chunk_id: "44983",
    hash: "0276e29209c1a8a3",
  ),
  JsHashEntry(
    chunk_id: "44999",
    hash: "ac0d71529ddd0341",
  ),
  JsHashEntry(
    chunk_id: "45094",
    hash: "7b4aae4703e67f20",
  ),
  JsHashEntry(
    chunk_id: "45130",
    hash: "81b0f8cccd6aaf75",
  ),
  JsHashEntry(
    chunk_id: "45141",
    hash: "1fe5d0fa188de734",
  ),
  JsHashEntry(
    chunk_id: "4530",
    hash: "ac6a64b10934327f",
  ),
  JsHashEntry(
    chunk_id: "45327",
    hash: "143e339b0347391b",
  ),
  JsHashEntry(
    chunk_id: "45397",
    hash: "8d2ed00a6659a355",
  ),
  JsHashEntry(
    chunk_id: "45620",
    hash: "03ddfb1406ba8131",
  ),
  JsHashEntry(
    chunk_id: "45642",
    hash: "30eea12dcd7cd553",
  ),
  JsHashEntry(
    chunk_id: "45808",
    hash: "543d7dbe10ae768e",
  ),
  JsHashEntry(
    chunk_id: "45814",
    hash: "693c7b5f30a1f450",
  ),
  JsHashEntry(
    chunk_id: "45884",
    hash: "293ba9e77522837a",
  ),
  JsHashEntry(
    chunk_id: "46161",
    hash: "ed59d3944efdbd01",
  ),
  JsHashEntry(
    chunk_id: "46270",
    hash: "89be84f8fcd85e2b",
  ),
  JsHashEntry(
    chunk_id: "46290",
    hash: "4abe599a26982c44",
  ),
  JsHashEntry(
    chunk_id: "46317",
    hash: "4d874768d05f851c",
  ),
  JsHashEntry(
    chunk_id: "46398",
    hash: "05942e790366204e",
  ),
  JsHashEntry(
    chunk_id: "46455",
    hash: "f14a719b086a2a77",
  ),
  JsHashEntry(
    chunk_id: "46468",
    hash: "306eec5d99be9ee3",
  ),
  JsHashEntry(
    chunk_id: "4662",
    hash: "edd6a030172cc92a",
  ),
  JsHashEntry(
    chunk_id: "46638",
    hash: "86d51f1de796161c",
  ),
  JsHashEntry(
    chunk_id: "46653",
    hash: "88ab7ead8d77a51b",
  ),
  JsHashEntry(
    chunk_id: "46728",
    hash: "4a53621a501ce0b2",
  ),
  JsHashEntry(
    chunk_id: "46746",
    hash: "663b498aed25bc62",
  ),
  JsHashEntry(
    chunk_id: "46750",
    hash: "5dc04c995be12ffa",
  ),
  JsHashEntry(
    chunk_id: "46753",
    hash: "a8faa4767e3ac5fb",
  ),
  JsHashEntry(
    chunk_id: "46763",
    hash: "0f571e9869f40678",
  ),
  JsHashEntry(
    chunk_id: "46786",
    hash: "b4b9e01f265c288d",
  ),
  JsHashEntry(
    chunk_id: "46865",
    hash: "7ed06c2525f6bb34",
  ),
  JsHashEntry(
    chunk_id: "46876",
    hash: "ec68c4e14864d20e",
  ),
  JsHashEntry(
    chunk_id: "46903",
    hash: "ac235b142825b711",
  ),
  JsHashEntry(
    chunk_id: "46923",
    hash: "d8fd9b7630c686da",
  ),
  JsHashEntry(
    chunk_id: "46957",
    hash: "ccef5948150bb56b",
  ),
  JsHashEntry(
    chunk_id: "47034",
    hash: "31b3c74c802c4248",
  ),
  JsHashEntry(
    chunk_id: "47051",
    hash: "b4c94b5b74a8eab7",
  ),
  JsHashEntry(
    chunk_id: "4710",
    hash: "af92fe101fb493eb",
  ),
  JsHashEntry(
    chunk_id: "47129",
    hash: "1d8cd81748a92645",
  ),
  JsHashEntry(
    chunk_id: "47220",
    hash: "dec16306db4195d3",
  ),
  JsHashEntry(
    chunk_id: "47354",
    hash: "a83c3e3cbbb8e376",
  ),
  JsHashEntry(
    chunk_id: "47435",
    hash: "5fa5b4ed55bcfb7c",
  ),
  JsHashEntry(
    chunk_id: "47463",
    hash: "0d6ebdd7810474df",
  ),
  JsHashEntry(
    chunk_id: "47495",
    hash: "afc1f4488178e205",
  ),
  JsHashEntry(
    chunk_id: "47600",
    hash: "25ca8f83b47eba57",
  ),
  JsHashEntry(
    chunk_id: "47620",
    hash: "f202c3e8a082b497",
  ),
  JsHashEntry(
    chunk_id: "47672",
    hash: "7ce6e1ca47694b83",
  ),
  JsHashEntry(
    chunk_id: "47674",
    hash: "721ae4f6592e4d5c",
  ),
  JsHashEntry(
    chunk_id: "47805",
    hash: "7a5673cc073127b2",
  ),
  JsHashEntry(
    chunk_id: "47832",
    hash: "d65e94950a948364",
  ),
  JsHashEntry(
    chunk_id: "47923",
    hash: "2ec9fe2e873b14ef",
  ),
  JsHashEntry(
    chunk_id: "47961",
    hash: "1741b99649e88ac9",
  ),
  JsHashEntry(
    chunk_id: "47978",
    hash: "09df24872ad9f59a",
  ),
  JsHashEntry(
    chunk_id: "48174",
    hash: "91c2190fb67b1802",
  ),
  JsHashEntry(
    chunk_id: "48389",
    hash: "63b02ce0cb868642",
  ),
  JsHashEntry(
    chunk_id: "4848",
    hash: "032b52646de7ce31",
  ),
  JsHashEntry(
    chunk_id: "48748",
    hash: "50c0d0d32abd3f95",
  ),
  JsHashEntry(
    chunk_id: "48755",
    hash: "b2c5d69141ec2ce8",
  ),
  JsHashEntry(
    chunk_id: "48934",
    hash: "38c32c2093b65473",
  ),
  JsHashEntry(
    chunk_id: "48944",
    hash: "5997a4be0dfbd78a",
  ),
  JsHashEntry(
    chunk_id: "49049",
    hash: "99870b8847251d35",
  ),
  JsHashEntry(
    chunk_id: "49062",
    hash: "8f5d4c199fcbf959",
  ),
  JsHashEntry(
    chunk_id: "49078",
    hash: "00f3e71dbfe61cdf",
  ),
  JsHashEntry(
    chunk_id: "49365",
    hash: "76d49075c0f3c3df",
  ),
  JsHashEntry(
    chunk_id: "49423",
    hash: "537a458568f2937d",
  ),
  JsHashEntry(
    chunk_id: "49495",
    hash: "33b774cb4a1d91f6",
  ),
  JsHashEntry(
    chunk_id: "49550",
    hash: "f2a1c6b90c72e885",
  ),
  JsHashEntry(
    chunk_id: "49661",
    hash: "b631514a231057ae",
  ),
  JsHashEntry(
    chunk_id: "49678",
    hash: "cc65509ac4a99081",
  ),
  JsHashEntry(
    chunk_id: "49812",
    hash: "a36c66c09ab283b8",
  ),
  JsHashEntry(
    chunk_id: "4984",
    hash: "1263c881a5dfd3ea",
  ),
  JsHashEntry(
    chunk_id: "49910",
    hash: "c425f5483471e64c",
  ),
  JsHashEntry(
    chunk_id: "49979",
    hash: "a25e80b7eb6bc316",
  ),
  JsHashEntry(
    chunk_id: "50147",
    hash: "78e385d8de5a7b3d",
  ),
  JsHashEntry(
    chunk_id: "50276",
    hash: "ef060228e94b4428",
  ),
  JsHashEntry(
    chunk_id: "50331",
    hash: "679fe3a782d8a653",
  ),
  JsHashEntry(
    chunk_id: "50414",
    hash: "23b85f841c08b5d4",
  ),
  JsHashEntry(
    chunk_id: "5043",
    hash: "d7248a1c83a51b13",
  ),
  JsHashEntry(
    chunk_id: "50439",
    hash: "286a6bc57598c11d",
  ),
  JsHashEntry(
    chunk_id: "50448",
    hash: "84803bef026ce219",
  ),
  JsHashEntry(
    chunk_id: "50453",
    hash: "bd81203546b12462",
  ),
  JsHashEntry(
    chunk_id: "5066",
    hash: "8042f0d953f29008",
  ),
  JsHashEntry(
    chunk_id: "50821",
    hash: "b34daf3d589dbcb8",
  ),
  JsHashEntry(
    chunk_id: "50872",
    hash: "39291c6262871668",
  ),
  JsHashEntry(
    chunk_id: "50929",
    hash: "0c4155d193a3173a",
  ),
  JsHashEntry(
    chunk_id: "50958",
    hash: "a902a97a080bf8b8",
  ),
  JsHashEntry(
    chunk_id: "50987",
    hash: "188a777a5a1e78b3",
  ),
  JsHashEntry(
    chunk_id: "51064",
    hash: "9cbe0450cb40b4dd",
  ),
  JsHashEntry(
    chunk_id: "51271",
    hash: "800cabf42e611b80",
  ),
  JsHashEntry(
    chunk_id: "51343",
    hash: "7e723a146d49c1ee",
  ),
  JsHashEntry(
    chunk_id: "51378",
    hash: "b2b3534850422731",
  ),
  JsHashEntry(
    chunk_id: "51477",
    hash: "9175089aeb21047f",
  ),
  JsHashEntry(
    chunk_id: "51529",
    hash: "51095ec47d64527f",
  ),
  JsHashEntry(
    chunk_id: "51540",
    hash: "23de4afb3438b011",
  ),
  JsHashEntry(
    chunk_id: "51760",
    hash: "33a1fb23a37485cf",
  ),
  JsHashEntry(
    chunk_id: "51816",
    hash: "d0a510a3f828ca24",
  ),
  JsHashEntry(
    chunk_id: "51868",
    hash: "dc30dad71f60d2cf",
  ),
  JsHashEntry(
    chunk_id: "51869",
    hash: "e140fb38a52f61aa",
  ),
  JsHashEntry(
    chunk_id: "51885",
    hash: "ff2fe1a610cfa20b",
  ),
  JsHashEntry(
    chunk_id: "51889",
    hash: "c1ea4d83e4e83396",
  ),
  JsHashEntry(
    chunk_id: "51924",
    hash: "45d58f3434ce4347",
  ),
  JsHashEntry(
    chunk_id: "52021",
    hash: "33c508c9031ad7f1",
  ),
  JsHashEntry(
    chunk_id: "52030",
    hash: "78ffd5a6428d1c40",
  ),
  JsHashEntry(
    chunk_id: "52057",
    hash: "873b9b1861ca25b7",
  ),
  JsHashEntry(
    chunk_id: "52092",
    hash: "5872ff50b95898bc",
  ),
  JsHashEntry(
    chunk_id: "5210",
    hash: "006e88fdc62cb6bb",
  ),
  JsHashEntry(
    chunk_id: "5217",
    hash: "d376f2a9603eebbc",
  ),
  JsHashEntry(
    chunk_id: "522",
    hash: "e8a62e0161605bc7",
  ),
  JsHashEntry(
    chunk_id: "52432",
    hash: "5945919ebe29f670",
  ),
  JsHashEntry(
    chunk_id: "52590",
    hash: "f6f2fe2b289f8015",
  ),
  JsHashEntry(
    chunk_id: "52680",
    hash: "f9dab01761cc117d",
  ),
  JsHashEntry(
    chunk_id: "5282",
    hash: "10506f414700579f",
  ),
  JsHashEntry(
    chunk_id: "52930",
    hash: "bb5ca0f891590c87",
  ),
  JsHashEntry(
    chunk_id: "52938",
    hash: "73169d46b70dd40f",
  ),
  JsHashEntry(
    chunk_id: "53061",
    hash: "de68749ec69814b9",
  ),
  JsHashEntry(
    chunk_id: "53162",
    hash: "041202ece70a8074",
  ),
  JsHashEntry(
    chunk_id: "53195",
    hash: "06851db5de40a669",
  ),
  JsHashEntry(
    chunk_id: "53301",
    hash: "bed3abdf1b4a44ca",
  ),
  JsHashEntry(
    chunk_id: "53488",
    hash: "11cbd67354f8141b",
  ),
  JsHashEntry(
    chunk_id: "53510",
    hash: "24548f172134863c",
  ),
  JsHashEntry(
    chunk_id: "53512",
    hash: "a39d62d5662a7d2f",
  ),
  JsHashEntry(
    chunk_id: "53579",
    hash: "570e68e40c8b4fee",
  ),
  JsHashEntry(
    chunk_id: "53591",
    hash: "397281b1f0d01e43",
  ),
  JsHashEntry(
    chunk_id: "53682",
    hash: "c3c9a39b3faf9cc3",
  ),
  JsHashEntry(
    chunk_id: "5374",
    hash: "7181bcf280d80c52",
  ),
  JsHashEntry(
    chunk_id: "53847",
    hash: "12ed65091c45688a",
  ),
  JsHashEntry(
    chunk_id: "53896",
    hash: "2de3359085f1bf56",
  ),
  JsHashEntry(
    chunk_id: "53900",
    hash: "11eecec09d2bcf79",
  ),
  JsHashEntry(
    chunk_id: "5396",
    hash: "a9e77311aeb989b3",
  ),
  JsHashEntry(
    chunk_id: "53961",
    hash: "41d795c07d5be8a9",
  ),
  JsHashEntry(
    chunk_id: "53967",
    hash: "c64659d65c4df099",
  ),
  JsHashEntry(
    chunk_id: "54021",
    hash: "a43ab79dd76827bf",
  ),
  JsHashEntry(
    chunk_id: "54076",
    hash: "3d3c9ed40f1d6182",
  ),
  JsHashEntry(
    chunk_id: "54080",
    hash: "4073e1634a75199b",
  ),
  JsHashEntry(
    chunk_id: "54197",
    hash: "1403333b4a0e1ed9",
  ),
  JsHashEntry(
    chunk_id: "54255",
    hash: "5cdc0c36465af757",
  ),
  JsHashEntry(
    chunk_id: "54391",
    hash: "a13b0219c7c0bcf4",
  ),
  JsHashEntry(
    chunk_id: "54400",
    hash: "89ea089e8077aeca",
  ),
  JsHashEntry(
    chunk_id: "54408",
    hash: "a5411ee485fa7b91",
  ),
  JsHashEntry(
    chunk_id: "54521",
    hash: "5461dcc9bc699426",
  ),
  JsHashEntry(
    chunk_id: "5454",
    hash: "1e3ef684c7a9bf8e",
  ),
  JsHashEntry(
    chunk_id: "54597",
    hash: "4faea9086b950ac6",
  ),
  JsHashEntry(
    chunk_id: "54633",
    hash: "f1f7c9bf73389ae2",
  ),
  JsHashEntry(
    chunk_id: "54642",
    hash: "7530c6a0638b8261",
  ),
  JsHashEntry(
    chunk_id: "54931",
    hash: "e018f37439e2ff30",
  ),
  JsHashEntry(
    chunk_id: "54934",
    hash: "f04d20aa12d5b798",
  ),
  JsHashEntry(
    chunk_id: "55009",
    hash: "4f9acfcdb8fc1be8",
  ),
  JsHashEntry(
    chunk_id: "55072",
    hash: "1b072085f74b2d9c",
  ),
  JsHashEntry(
    chunk_id: "55183",
    hash: "4cf16786cbbb1bed",
  ),
  JsHashEntry(
    chunk_id: "55196",
    hash: "f654be639d6771f6",
  ),
  JsHashEntry(
    chunk_id: "55476",
    hash: "6234fcbe7e97b79a",
  ),
  JsHashEntry(
    chunk_id: "55611",
    hash: "d4615e4b29af15eb",
  ),
  JsHashEntry(
    chunk_id: "55616",
    hash: "31ee99ac42d80e15",
  ),
  JsHashEntry(
    chunk_id: "55705",
    hash: "7036ae4cd3df7973",
  ),
  JsHashEntry(
    chunk_id: "55942",
    hash: "4d776150766863a4",
  ),
  JsHashEntry(
    chunk_id: "55944",
    hash: "502ad024e8500d1e",
  ),
  JsHashEntry(
    chunk_id: "56035",
    hash: "f72078e0ce6f7660",
  ),
  JsHashEntry(
    chunk_id: "56049",
    hash: "923c26cea93c7a9b",
  ),
  JsHashEntry(
    chunk_id: "56158",
    hash: "dab5dca1c7f41cb3",
  ),
  JsHashEntry(
    chunk_id: "56167",
    hash: "640afc883b8fd9a6",
  ),
  JsHashEntry(
    chunk_id: "56194",
    hash: "e7c9de6342fcbc67",
  ),
  JsHashEntry(
    chunk_id: "56236",
    hash: "27aefff3daf24034",
  ),
  JsHashEntry(
    chunk_id: "56276",
    hash: "366ad0f803545fc4",
  ),
  JsHashEntry(
    chunk_id: "56286",
    hash: "78f81305755a2abb",
  ),
  JsHashEntry(
    chunk_id: "56393",
    hash: "022c3282c1de5b1a",
  ),
  JsHashEntry(
    chunk_id: "56431",
    hash: "b687b0f0977b15f7",
  ),
  JsHashEntry(
    chunk_id: "56483",
    hash: "df12eabca946ecf1",
  ),
  JsHashEntry(
    chunk_id: "56496",
    hash: "c0c359657ec4d7b3",
  ),
  JsHashEntry(
    chunk_id: "56534",
    hash: "7935036bc756dff8",
  ),
  JsHashEntry(
    chunk_id: "56558",
    hash: "6e169475a7cd6db9",
  ),
  JsHashEntry(
    chunk_id: "56654",
    hash: "8483bbfe4fac8176",
  ),
  JsHashEntry(
    chunk_id: "56753",
    hash: "23a88f55cc5f2f8f",
  ),
  JsHashEntry(
    chunk_id: "56826",
    hash: "d672afa6edb1fad1",
  ),
  JsHashEntry(
    chunk_id: "56837",
    hash: "6e602ec5a4287346",
  ),
  JsHashEntry(
    chunk_id: "56855",
    hash: "385f80f1ce8617c0",
  ),
  JsHashEntry(
    chunk_id: "56944",
    hash: "83884ededb1a777c",
  ),
  JsHashEntry(
    chunk_id: "56974",
    hash: "6b06818df4449c5f",
  ),
  JsHashEntry(
    chunk_id: "56981",
    hash: "9bf56ed0f671285a",
  ),
  JsHashEntry(
    chunk_id: "5703",
    hash: "f3ee7e0e0b081a2e",
  ),
  JsHashEntry(
    chunk_id: "5704",
    hash: "76c9a9740fbb64b9",
  ),
  JsHashEntry(
    chunk_id: "57047",
    hash: "f0f38d6f3d719a87",
  ),
  JsHashEntry(
    chunk_id: "57105",
    hash: "075ce3add8038dd0",
  ),
  JsHashEntry(
    chunk_id: "57158",
    hash: "65d9382af36ef70e",
  ),
  JsHashEntry(
    chunk_id: "57424",
    hash: "38e2888bcacb8cea",
  ),
  JsHashEntry(
    chunk_id: "57478",
    hash: "3656c81e1cb0494f",
  ),
  JsHashEntry(
    chunk_id: "57486",
    hash: "36c96a008ee1ced7",
  ),
  JsHashEntry(
    chunk_id: "5749",
    hash: "18e7fc22af611823",
  ),
  JsHashEntry(
    chunk_id: "57493",
    hash: "09ef887bbc751ecf",
  ),
  JsHashEntry(
    chunk_id: "5753",
    hash: "3e4454135fb2269a",
  ),
  JsHashEntry(
    chunk_id: "57539",
    hash: "5fd2be78aab343e5",
  ),
  JsHashEntry(
    chunk_id: "57650",
    hash: "292408a1a9dd719a",
  ),
  JsHashEntry(
    chunk_id: "57690",
    hash: "0b61b723a217c87e",
  ),
  JsHashEntry(
    chunk_id: "57804",
    hash: "b742787229477bde",
  ),
  JsHashEntry(
    chunk_id: "57937",
    hash: "58b2e031c86d57e5",
  ),
  JsHashEntry(
    chunk_id: "57951",
    hash: "b8856930a56c3482",
  ),
  JsHashEntry(
    chunk_id: "57952",
    hash: "a0a64d0098bb9ee1",
  ),
  JsHashEntry(
    chunk_id: "57961",
    hash: "012ce63d70d8c401",
  ),
  JsHashEntry(
    chunk_id: "58046",
    hash: "eae3cb4069f4c969",
  ),
  JsHashEntry(
    chunk_id: "58120",
    hash: "644d746c79fbae21",
  ),
  JsHashEntry(
    chunk_id: "58121",
    hash: "4aa1fc4876bb95c1",
  ),
  JsHashEntry(
    chunk_id: "58131",
    hash: "b86eb95a394f92d3",
  ),
  JsHashEntry(
    chunk_id: "58175",
    hash: "af61393311b11d52",
  ),
  JsHashEntry(
    chunk_id: "58227",
    hash: "68496586327dc56f",
  ),
  JsHashEntry(
    chunk_id: "58304",
    hash: "f6548a141bd102a2",
  ),
  JsHashEntry(
    chunk_id: "58375",
    hash: "5fd335954204e5de",
  ),
  JsHashEntry(
    chunk_id: "58408",
    hash: "fd7c617c521ac897",
  ),
  JsHashEntry(
    chunk_id: "58493",
    hash: "fbc6840b036a6e57",
  ),
  JsHashEntry(
    chunk_id: "58641",
    hash: "1eb87f8d977397d5",
  ),
  JsHashEntry(
    chunk_id: "58651",
    hash: "eb068c28d4ac8205",
  ),
  JsHashEntry(
    chunk_id: "58665",
    hash: "e6ea2456f3126582",
  ),
  JsHashEntry(
    chunk_id: "5877",
    hash: "4d24e8e17bc47fbd",
  ),
  JsHashEntry(
    chunk_id: "58903",
    hash: "30794b0617344f35",
  ),
  JsHashEntry(
    chunk_id: "59003",
    hash: "0af5a3657af14839",
  ),
  JsHashEntry(
    chunk_id: "59065",
    hash: "3c983399be74a6c0",
  ),
  JsHashEntry(
    chunk_id: "59128",
    hash: "fa7ec974e5ad4ec1",
  ),
  JsHashEntry(
    chunk_id: "59144",
    hash: "3f3b98024186914e",
  ),
  JsHashEntry(
    chunk_id: "59207",
    hash: "72886811b474ec5c",
  ),
  JsHashEntry(
    chunk_id: "59259",
    hash: "6572d72945ccdcec",
  ),
  JsHashEntry(
    chunk_id: "59281",
    hash: "826e352b75deee46",
  ),
  JsHashEntry(
    chunk_id: "59289",
    hash: "7e2e92478490964b",
  ),
  JsHashEntry(
    chunk_id: "5938",
    hash: "f56ece46dad61059",
  ),
  JsHashEntry(
    chunk_id: "59385",
    hash: "de74ddc559d0c5a5",
  ),
  JsHashEntry(
    chunk_id: "59429",
    hash: "9db5b45c5a1c0fc5",
  ),
  JsHashEntry(
    chunk_id: "5945",
    hash: "e7071332800552da",
  ),
  JsHashEntry(
    chunk_id: "5950",
    hash: "a4c8e963059998b3",
  ),
  JsHashEntry(
    chunk_id: "59500",
    hash: "f1aee1d938d2c0f1",
  ),
  JsHashEntry(
    chunk_id: "59599",
    hash: "f7663ff5c63c75c5",
  ),
  JsHashEntry(
    chunk_id: "59642",
    hash: "94e2bfe314ef7e3c",
  ),
  JsHashEntry(
    chunk_id: "59682",
    hash: "bc0fd96333f8b841",
  ),
  JsHashEntry(
    chunk_id: "59716",
    hash: "9505da66a0e9c5f7",
  ),
  JsHashEntry(
    chunk_id: "59719",
    hash: "20f40d39b850409a",
  ),
  JsHashEntry(
    chunk_id: "59732",
    hash: "4e388d684dea207a",
  ),
  JsHashEntry(
    chunk_id: "59750",
    hash: "155523e83b5f04e6",
  ),
  JsHashEntry(
    chunk_id: "59947",
    hash: "321663c1e4ddbc18",
  ),
  JsHashEntry(
    chunk_id: "5996",
    hash: "3ae0a17f3cb6b401",
  ),
  JsHashEntry(
    chunk_id: "60079",
    hash: "3db8a632202ca49b",
  ),
  JsHashEntry(
    chunk_id: "6027",
    hash: "00f42b0dda34c2c6",
  ),
  JsHashEntry(
    chunk_id: "6045",
    hash: "ab22ee8d9121f503",
  ),
  JsHashEntry(
    chunk_id: "60498",
    hash: "32674cdbc26b0db7",
  ),
  JsHashEntry(
    chunk_id: "60530",
    hash: "79cf5fa5cc2b0e85",
  ),
  JsHashEntry(
    chunk_id: "60592",
    hash: "3ed65afed3677f1b",
  ),
  JsHashEntry(
    chunk_id: "6074",
    hash: "75d4f5c6923c890e",
  ),
  JsHashEntry(
    chunk_id: "60759",
    hash: "8b0ec6723f4a3411",
  ),
  JsHashEntry(
    chunk_id: "60794",
    hash: "b39259827211bc79",
  ),
  JsHashEntry(
    chunk_id: "60827",
    hash: "d19f4591c14c88dc",
  ),
  JsHashEntry(
    chunk_id: "60831",
    hash: "620f5a4c68e90d3c",
  ),
  JsHashEntry(
    chunk_id: "60962",
    hash: "6a6848bfd87e9601",
  ),
  JsHashEntry(
    chunk_id: "61",
    hash: "c6f06b0d0f893ac3",
  ),
  JsHashEntry(
    chunk_id: "61035",
    hash: "0e8d967e1b75de0c",
  ),
  JsHashEntry(
    chunk_id: "61081",
    hash: "e1180dc6e2441399",
  ),
  JsHashEntry(
    chunk_id: "61168",
    hash: "bb3196fb424fff5d",
  ),
  JsHashEntry(
    chunk_id: "61275",
    hash: "0de35ff4ec993e96",
  ),
  JsHashEntry(
    chunk_id: "61296",
    hash: "218dde24db4aeb81",
  ),
  JsHashEntry(
    chunk_id: "61323",
    hash: "cc4cb1c2a8e1efdb",
  ),
  JsHashEntry(
    chunk_id: "61342",
    hash: "a89306a616e0d4bf",
  ),
  JsHashEntry(
    chunk_id: "61365",
    hash: "95c86ef66e849840",
  ),
  JsHashEntry(
    chunk_id: "61366",
    hash: "7dfb4d08309a4808",
  ),
  JsHashEntry(
    chunk_id: "61419",
    hash: "61a320682c7c7ede",
  ),
  JsHashEntry(
    chunk_id: "61526",
    hash: "a236d6d4fb5a40aa",
  ),
  JsHashEntry(
    chunk_id: "61624",
    hash: "6e1ff5eacb6a086b",
  ),
  JsHashEntry(
    chunk_id: "61670",
    hash: "af3b265b0e6ba2db",
  ),
  JsHashEntry(
    chunk_id: "61690",
    hash: "f4423206e5a3aef0",
  ),
  JsHashEntry(
    chunk_id: "61859",
    hash: "0462de732cba6541",
  ),
  JsHashEntry(
    chunk_id: "61879",
    hash: "2a68e55dc18ccf8f",
  ),
  JsHashEntry(
    chunk_id: "6198",
    hash: "1829db60fcfc030b",
  ),
  JsHashEntry(
    chunk_id: "62018",
    hash: "b2b192c53c53e232",
  ),
  JsHashEntry(
    chunk_id: "62065",
    hash: "3a02957c8f6818f9",
  ),
  JsHashEntry(
    chunk_id: "62073",
    hash: "a0b272808deeb61b",
  ),
  JsHashEntry(
    chunk_id: "62199",
    hash: "528494cc7d1d73e0",
  ),
  JsHashEntry(
    chunk_id: "62236",
    hash: "a3a830e8d4f79c7d",
  ),
  JsHashEntry(
    chunk_id: "62292",
    hash: "df3dd53db24c623c",
  ),
  JsHashEntry(
    chunk_id: "62319",
    hash: "806774c5906e10b8",
  ),
  JsHashEntry(
    chunk_id: "62406",
    hash: "f67ae048547b6b5e",
  ),
  JsHashEntry(
    chunk_id: "62439",
    hash: "35ec3391c6836805",
  ),
  JsHashEntry(
    chunk_id: "62493",
    hash: "a467f619cd2bc6a9",
  ),
  JsHashEntry(
    chunk_id: "62599",
    hash: "c8f649425d97a6ff",
  ),
  JsHashEntry(
    chunk_id: "62629",
    hash: "de11882112d9137a",
  ),
  JsHashEntry(
    chunk_id: "62635",
    hash: "5762b205dce08032",
  ),
  JsHashEntry(
    chunk_id: "62712",
    hash: "41b66d7796fc3791",
  ),
  JsHashEntry(
    chunk_id: "62725",
    hash: "5feddfd113a06952",
  ),
  JsHashEntry(
    chunk_id: "62822",
    hash: "b5b200539b6cb0d7",
  ),
  JsHashEntry(
    chunk_id: "6284",
    hash: "a4e9eecf83e4ae0c",
  ),
  JsHashEntry(
    chunk_id: "62880",
    hash: "4307badc591a5a7c",
  ),
  JsHashEntry(
    chunk_id: "62985",
    hash: "d45058bee8c290c7",
  ),
  JsHashEntry(
    chunk_id: "62987",
    hash: "51e5fa6bdb5db29a",
  ),
  JsHashEntry(
    chunk_id: "63007",
    hash: "47a470bc0a31056f",
  ),
  JsHashEntry(
    chunk_id: "63018",
    hash: "9debd0ed55b6e6ad",
  ),
  JsHashEntry(
    chunk_id: "6310",
    hash: "a6351a72b0269bab",
  ),
  JsHashEntry(
    chunk_id: "63117",
    hash: "49a590c37a4549b9",
  ),
  JsHashEntry(
    chunk_id: "63141",
    hash: "f88cb6a600d28730",
  ),
  JsHashEntry(
    chunk_id: "63275",
    hash: "8b2ae185226be6c4",
  ),
  JsHashEntry(
    chunk_id: "63401",
    hash: "9a1b31b3001cfe60",
  ),
  JsHashEntry(
    chunk_id: "63593",
    hash: "529be153d87a382c",
  ),
  JsHashEntry(
    chunk_id: "63629",
    hash: "b55573fbee62e59f",
  ),
  JsHashEntry(
    chunk_id: "6368",
    hash: "1cce262ef8c32560",
  ),
  JsHashEntry(
    chunk_id: "63709",
    hash: "111ce6fad15dd014",
  ),
  JsHashEntry(
    chunk_id: "63757",
    hash: "222d7ff47b2667bf",
  ),
  JsHashEntry(
    chunk_id: "638",
    hash: "2d40c146a4d56eb9",
  ),
  JsHashEntry(
    chunk_id: "63834",
    hash: "6561931e87e51e1a",
  ),
  JsHashEntry(
    chunk_id: "63933",
    hash: "9f61881b53f74b6f",
  ),
  JsHashEntry(
    chunk_id: "63946",
    hash: "26beacba2a31f873",
  ),
  JsHashEntry(
    chunk_id: "64086",
    hash: "141e66d3cc8e682c",
  ),
  JsHashEntry(
    chunk_id: "6412",
    hash: "81716b4d598660e8",
  ),
  JsHashEntry(
    chunk_id: "64178",
    hash: "2ce3a2c2b9872af4",
  ),
  JsHashEntry(
    chunk_id: "64248",
    hash: "3367dfc7bdf201a0",
  ),
  JsHashEntry(
    chunk_id: "6438",
    hash: "edabac07e57d4c5a",
  ),
  JsHashEntry(
    chunk_id: "64387",
    hash: "9a9120151d4963ed",
  ),
  JsHashEntry(
    chunk_id: "64534",
    hash: "0ea7bf45617dcd10",
  ),
  JsHashEntry(
    chunk_id: "64563",
    hash: "5d2a93acc786cd97",
  ),
  JsHashEntry(
    chunk_id: "64648",
    hash: "ad11de8378277a1a",
  ),
  JsHashEntry(
    chunk_id: "64679",
    hash: "a6c7df37615b5119",
  ),
  JsHashEntry(
    chunk_id: "64767",
    hash: "bce49d547b13e70a",
  ),
  JsHashEntry(
    chunk_id: "64857",
    hash: "853221bab87507c5",
  ),
  JsHashEntry(
    chunk_id: "64861",
    hash: "a538ddbe3e485449",
  ),
  JsHashEntry(
    chunk_id: "64877",
    hash: "29fb64e65ea5dbc2",
  ),
  JsHashEntry(
    chunk_id: "64908",
    hash: "30ff7221cbb70326",
  ),
  JsHashEntry(
    chunk_id: "64941",
    hash: "526c3adeab722aa6",
  ),
  JsHashEntry(
    chunk_id: "64989",
    hash: "02200e2a453498d2",
  ),
  JsHashEntry(
    chunk_id: "65030",
    hash: "34c1ae022f2ed477",
  ),
  JsHashEntry(
    chunk_id: "65045",
    hash: "d65e994ba7fff570",
  ),
  JsHashEntry(
    chunk_id: "65153",
    hash: "3c288e8634da18a7",
  ),
  JsHashEntry(
    chunk_id: "6524",
    hash: "010fa50a769e8887",
  ),
  JsHashEntry(
    chunk_id: "65544",
    hash: "e89f2c87b850cf10",
  ),
  JsHashEntry(
    chunk_id: "65631",
    hash: "e00843f962178963",
  ),
  JsHashEntry(
    chunk_id: "65652",
    hash: "2014d3d6041729bf",
  ),
  JsHashEntry(
    chunk_id: "65922",
    hash: "7c209be604655e90",
  ),
  JsHashEntry(
    chunk_id: "65947",
    hash: "d0013fd1c1e63518",
  ),
  JsHashEntry(
    chunk_id: "6595",
    hash: "879c20e3a568bf1a",
  ),
  JsHashEntry(
    chunk_id: "65953",
    hash: "2bb50dbb342387a4",
  ),
  JsHashEntry(
    chunk_id: "65992",
    hash: "816497353e079a5c",
  ),
  JsHashEntry(
    chunk_id: "65994",
    hash: "9ba6e2779d00d694",
  ),
  JsHashEntry(
    chunk_id: "66050",
    hash: "2e7dfb7f04f9cb81",
  ),
  JsHashEntry(
    chunk_id: "66063",
    hash: "19a891ba9bc55223",
  ),
  JsHashEntry(
    chunk_id: "66071",
    hash: "fe24a614e6201e8b",
  ),
  JsHashEntry(
    chunk_id: "66186",
    hash: "f2197b8585c16078",
  ),
  JsHashEntry(
    chunk_id: "6621",
    hash: "07a5fbbf0d7c2926",
  ),
  JsHashEntry(
    chunk_id: "66425",
    hash: "dce0739e4f036711",
  ),
  JsHashEntry(
    chunk_id: "66452",
    hash: "b0e3370d203c0b04",
  ),
  JsHashEntry(
    chunk_id: "66462",
    hash: "c290e858d83f6de1",
  ),
  JsHashEntry(
    chunk_id: "66618",
    hash: "714e9d87b1d0c60d",
  ),
  JsHashEntry(
    chunk_id: "66660",
    hash: "c0f6f2cf72fbf658",
  ),
  JsHashEntry(
    chunk_id: "66672",
    hash: "7797a014cccb4dda",
  ),
  JsHashEntry(
    chunk_id: "66731",
    hash: "f17db6b5c51a16cb",
  ),
  JsHashEntry(
    chunk_id: "66816",
    hash: "df730dd6c7879833",
  ),
  JsHashEntry(
    chunk_id: "66915",
    hash: "98c0b5c00acade42",
  ),
  JsHashEntry(
    chunk_id: "66944",
    hash: "ed82b9fab328410d",
  ),
  JsHashEntry(
    chunk_id: "67110",
    hash: "aff504004d6fa8f3",
  ),
  JsHashEntry(
    chunk_id: "67127",
    hash: "466003d0dbd17f62",
  ),
  JsHashEntry(
    chunk_id: "67133",
    hash: "12098e399f902650",
  ),
  JsHashEntry(
    chunk_id: "67219",
    hash: "245e3528322a0608",
  ),
  JsHashEntry(
    chunk_id: "67322",
    hash: "f6519678f0f4207a",
  ),
  JsHashEntry(
    chunk_id: "67376",
    hash: "4448cbd229baac00",
  ),
  JsHashEntry(
    chunk_id: "6749",
    hash: "c8fc3ddf74c20c33",
  ),
  JsHashEntry(
    chunk_id: "67526",
    hash: "def62173c0420e3a",
  ),
  JsHashEntry(
    chunk_id: "67753",
    hash: "a7b852021111ff85",
  ),
  JsHashEntry(
    chunk_id: "67816",
    hash: "02e04b4031504c5c",
  ),
  JsHashEntry(
    chunk_id: "67869",
    hash: "8a94e07f55d3ed05",
  ),
  JsHashEntry(
    chunk_id: "679",
    hash: "5c9e0e6e6f85f81e",
  ),
  JsHashEntry(
    chunk_id: "67963",
    hash: "4c09bb0bceaeec5e",
  ),
  JsHashEntry(
    chunk_id: "67992",
    hash: "08ba9f3ad6a7ad6a",
  ),
  JsHashEntry(
    chunk_id: "68093",
    hash: "ba5cc8c9739d4bc6",
  ),
  JsHashEntry(
    chunk_id: "68130",
    hash: "18f176a2c9edc888",
  ),
  JsHashEntry(
    chunk_id: "68170",
    hash: "97388762311293ff",
  ),
  JsHashEntry(
    chunk_id: "68264",
    hash: "89061a7190357022",
  ),
  JsHashEntry(
    chunk_id: "68294",
    hash: "4abfb2455f7992d6",
  ),
  JsHashEntry(
    chunk_id: "68359",
    hash: "257af8abbfd7eed8",
  ),
  JsHashEntry(
    chunk_id: "68449",
    hash: "40f70cedbdb462aa",
  ),
  JsHashEntry(
    chunk_id: "6850",
    hash: "9844c9011edb0fcd",
  ),
  JsHashEntry(
    chunk_id: "68535",
    hash: "9ac4459f4776768b",
  ),
  JsHashEntry(
    chunk_id: "6856",
    hash: "bf187d372e2106ac",
  ),
  JsHashEntry(
    chunk_id: "68646",
    hash: "7da9556cc96fc9ee",
  ),
  JsHashEntry(
    chunk_id: "68720",
    hash: "a97aecf27ac42b12",
  ),
  JsHashEntry(
    chunk_id: "68784",
    hash: "0ebd7350b92b9d09",
  ),
  JsHashEntry(
    chunk_id: "68822",
    hash: "d346cbbca86492ee",
  ),
  JsHashEntry(
    chunk_id: "68844",
    hash: "78ad44e194a2989f",
  ),
  JsHashEntry(
    chunk_id: "69015",
    hash: "c4939c5d93c1cc13",
  ),
  JsHashEntry(
    chunk_id: "69134",
    hash: "9793ae90519651eb",
  ),
  JsHashEntry(
    chunk_id: "69208",
    hash: "f8565f29f782fc6f",
  ),
  JsHashEntry(
    chunk_id: "69220",
    hash: "115ff4b88961b6a3",
  ),
  JsHashEntry(
    chunk_id: "69363",
    hash: "37d67cf25ac8b3bd",
  ),
  JsHashEntry(
    chunk_id: "69417",
    hash: "1b5a1e3ea0a19c07",
  ),
  JsHashEntry(
    chunk_id: "69418",
    hash: "7d7e4a186a3b0da0",
  ),
  JsHashEntry(
    chunk_id: "69467",
    hash: "79f49b9d0f465697",
  ),
  JsHashEntry(
    chunk_id: "69470",
    hash: "b96d32849dd7c2bf",
  ),
  JsHashEntry(
    chunk_id: "69633",
    hash: "d906e9a1b05a2f60",
  ),
  JsHashEntry(
    chunk_id: "69634",
    hash: "2fbb1c53a8491b16",
  ),
  JsHashEntry(
    chunk_id: "69730",
    hash: "f1f55638176d6874",
  ),
  JsHashEntry(
    chunk_id: "69731",
    hash: "99d503abbe9603b4",
  ),
  JsHashEntry(
    chunk_id: "69773",
    hash: "25080b4e79215154",
  ),
  JsHashEntry(
    chunk_id: "69788",
    hash: "28bb7d5260bfa2ac",
  ),
  JsHashEntry(
    chunk_id: "69806",
    hash: "2039399f08dc0cd0",
  ),
  JsHashEntry(
    chunk_id: "69818",
    hash: "69a6dd69e249b2d7",
  ),
  JsHashEntry(
    chunk_id: "69923",
    hash: "d2a1b7345c459e52",
  ),
  JsHashEntry(
    chunk_id: "7003",
    hash: "2718d9223b3da162",
  ),
  JsHashEntry(
    chunk_id: "7006",
    hash: "cc6a82816a14ccc7",
  ),
  JsHashEntry(
    chunk_id: "70061",
    hash: "93b7291eebf521f5",
  ),
  JsHashEntry(
    chunk_id: "70131",
    hash: "f91581e66d207dd9",
  ),
  JsHashEntry(
    chunk_id: "7016",
    hash: "402845883a4f52d8",
  ),
  JsHashEntry(
    chunk_id: "70250",
    hash: "b6f7cbc1cb6cd9b8",
  ),
  JsHashEntry(
    chunk_id: "70349",
    hash: "68c1f2c0e1b5673d",
  ),
  JsHashEntry(
    chunk_id: "70528",
    hash: "f6dd7a8601f7a386",
  ),
  JsHashEntry(
    chunk_id: "70623",
    hash: "1ee3f3a7d05345dd",
  ),
  JsHashEntry(
    chunk_id: "70675",
    hash: "849c5d170ce83405",
  ),
  JsHashEntry(
    chunk_id: "70689",
    hash: "e2b06a99e909ad7d",
  ),
  JsHashEntry(
    chunk_id: "70725",
    hash: "b6870e81e7915a09",
  ),
  JsHashEntry(
    chunk_id: "70799",
    hash: "fcd6e1a04f31b663",
  ),
  JsHashEntry(
    chunk_id: "7082",
    hash: "856d5eab72786b5f",
  ),
  JsHashEntry(
    chunk_id: "70871",
    hash: "ea5e943b14ace2d7",
  ),
  JsHashEntry(
    chunk_id: "70887",
    hash: "c81ad64064458fe5",
  ),
  JsHashEntry(
    chunk_id: "70918",
    hash: "60cd16713b70162f",
  ),
  JsHashEntry(
    chunk_id: "710",
    hash: "c863ca074e7f534e",
  ),
  JsHashEntry(
    chunk_id: "71110",
    hash: "96e293b80bb26b41",
  ),
  JsHashEntry(
    chunk_id: "71121",
    hash: "86a61b7bf61374af",
  ),
  JsHashEntry(
    chunk_id: "71162",
    hash: "28bf975c6890dc1e",
  ),
  JsHashEntry(
    chunk_id: "71196",
    hash: "06e4028ec561f058",
  ),
  JsHashEntry(
    chunk_id: "71236",
    hash: "6deaf5ff06bff933",
  ),
  JsHashEntry(
    chunk_id: "71244",
    hash: "355a4d9f265a9e01",
  ),
  JsHashEntry(
    chunk_id: "71350",
    hash: "e63283d2df13fb0c",
  ),
  JsHashEntry(
    chunk_id: "71378",
    hash: "db3c09f4cfcc09d4",
  ),
  JsHashEntry(
    chunk_id: "71465",
    hash: "f338ce91e155db4d",
  ),
  JsHashEntry(
    chunk_id: "71517",
    hash: "785067562d197745",
  ),
  JsHashEntry(
    chunk_id: "71624",
    hash: "99b4730582723eb7",
  ),
  JsHashEntry(
    chunk_id: "71680",
    hash: "8214b06d79856d37",
  ),
  JsHashEntry(
    chunk_id: "71747",
    hash: "d28e6ced852fbcd8",
  ),
  JsHashEntry(
    chunk_id: "71953",
    hash: "e206893c66f4ac28",
  ),
  JsHashEntry(
    chunk_id: "72164",
    hash: "d60471faa54f4108",
  ),
  JsHashEntry(
    chunk_id: "72167",
    hash: "511afbea1b13d62e",
  ),
  JsHashEntry(
    chunk_id: "7232",
    hash: "6027df7bd9d0ad22",
  ),
  JsHashEntry(
    chunk_id: "72442",
    hash: "e33b3e6638717374",
  ),
  JsHashEntry(
    chunk_id: "72458",
    hash: "1e2bbcf00ce8b5cd",
  ),
  JsHashEntry(
    chunk_id: "72521",
    hash: "dbab8eb1993c317b",
  ),
  JsHashEntry(
    chunk_id: "72602",
    hash: "cee455da4295cb47",
  ),
  JsHashEntry(
    chunk_id: "72637",
    hash: "7816cd9c5bc336bf",
  ),
  JsHashEntry(
    chunk_id: "7285",
    hash: "a4255181de40568a",
  ),
  JsHashEntry(
    chunk_id: "72851",
    hash: "31c7b2bd8087df71",
  ),
  JsHashEntry(
    chunk_id: "72891",
    hash: "a77a2015f8120e65",
  ),
  JsHashEntry(
    chunk_id: "72920",
    hash: "753dde8c5c801ce6",
  ),
  JsHashEntry(
    chunk_id: "72929",
    hash: "e99c75e17f84a681",
  ),
  JsHashEntry(
    chunk_id: "72946",
    hash: "c0b6ade20ef743b4",
  ),
  JsHashEntry(
    chunk_id: "73040",
    hash: "3a99422fdd43b712",
  ),
  JsHashEntry(
    chunk_id: "73119",
    hash: "f49bbf25bbfa9c5d",
  ),
  JsHashEntry(
    chunk_id: "73149",
    hash: "92177f7042b24e6a",
  ),
  JsHashEntry(
    chunk_id: "73196",
    hash: "6534ecce2f1c9354",
  ),
  JsHashEntry(
    chunk_id: "73322",
    hash: "999c80d86202efff",
  ),
  JsHashEntry(
    chunk_id: "73628",
    hash: "354b6045e18a2132",
  ),
  JsHashEntry(
    chunk_id: "73699",
    hash: "028bb0d029310157",
  ),
  JsHashEntry(
    chunk_id: "73736",
    hash: "01dc82c4ab90423b",
  ),
  JsHashEntry(
    chunk_id: "73872",
    hash: "a9a37d6519f53a6a",
  ),
  JsHashEntry(
    chunk_id: "73889",
    hash: "3ff1484896c59c3d",
  ),
  JsHashEntry(
    chunk_id: "73921",
    hash: "7e4a7c6ef7831c83",
  ),
  JsHashEntry(
    chunk_id: "73993",
    hash: "aee5906bf129678b",
  ),
  JsHashEntry(
    chunk_id: "74023",
    hash: "19bcc4f247b0e1b6",
  ),
  JsHashEntry(
    chunk_id: "74103",
    hash: "af1ffc3e9266c6ca",
  ),
  JsHashEntry(
    chunk_id: "74194",
    hash: "4be049d1b2dbf59e",
  ),
  JsHashEntry(
    chunk_id: "74203",
    hash: "4093f569495230c0",
  ),
  JsHashEntry(
    chunk_id: "74294",
    hash: "d668ccc1277aae48",
  ),
  JsHashEntry(
    chunk_id: "74300",
    hash: "4fea6793478319f5",
  ),
  JsHashEntry(
    chunk_id: "74353",
    hash: "33b100a9d535ee63",
  ),
  JsHashEntry(
    chunk_id: "74379",
    hash: "ebf2136696194df3",
  ),
  JsHashEntry(
    chunk_id: "74395",
    hash: "2948c17da31ab593",
  ),
  JsHashEntry(
    chunk_id: "74449",
    hash: "ada2c7d7b84b437a",
  ),
  JsHashEntry(
    chunk_id: "74459",
    hash: "d7aba1521cf9a55d",
  ),
  JsHashEntry(
    chunk_id: "74543",
    hash: "c822a0e519fffd92",
  ),
  JsHashEntry(
    chunk_id: "7458",
    hash: "bd6d42b938ffde65",
  ),
  JsHashEntry(
    chunk_id: "74590",
    hash: "1159bc309998c302",
  ),
  JsHashEntry(
    chunk_id: "74602",
    hash: "6517f427a1a24570",
  ),
  JsHashEntry(
    chunk_id: "74668",
    hash: "90694212a19488a3",
  ),
  JsHashEntry(
    chunk_id: "74673",
    hash: "4ef7b76cd3083bee",
  ),
  JsHashEntry(
    chunk_id: "74732",
    hash: "1f13b0ed9bc43846",
  ),
  JsHashEntry(
    chunk_id: "74922",
    hash: "1d12e819ff26faad",
  ),
  JsHashEntry(
    chunk_id: "74980",
    hash: "d17487d1d7943525",
  ),
  JsHashEntry(
    chunk_id: "75071",
    hash: "f935b6459f983439",
  ),
  JsHashEntry(
    chunk_id: "7512",
    hash: "f733bb5577f47c30",
  ),
  JsHashEntry(
    chunk_id: "75347",
    hash: "9a9414ce6435a608",
  ),
  JsHashEntry(
    chunk_id: "75435",
    hash: "fe3cddd5a5cd5a85",
  ),
  JsHashEntry(
    chunk_id: "75493",
    hash: "85f62dba1bd1c0e1",
  ),
  JsHashEntry(
    chunk_id: "75535",
    hash: "67da4bb6d5474ac9",
  ),
  JsHashEntry(
    chunk_id: "75564",
    hash: "5ad39185ed4e4968",
  ),
  JsHashEntry(
    chunk_id: "7573",
    hash: "de31a59aa4a84b2f",
  ),
  JsHashEntry(
    chunk_id: "7576",
    hash: "d73ccd326e4c7a64",
  ),
  JsHashEntry(
    chunk_id: "7584",
    hash: "9b4ac7f39a186c4b",
  ),
  JsHashEntry(
    chunk_id: "7590",
    hash: "ccdf4204745f8baa",
  ),
  JsHashEntry(
    chunk_id: "76035",
    hash: "11fbc731c922f68b",
  ),
  JsHashEntry(
    chunk_id: "76157",
    hash: "526db2c03598808d",
  ),
  JsHashEntry(
    chunk_id: "7616",
    hash: "56b1ad06a77a6ad9",
  ),
  JsHashEntry(
    chunk_id: "76168",
    hash: "4cd52979a343b6d1",
  ),
  JsHashEntry(
    chunk_id: "76226",
    hash: "050fc20bc675976f",
  ),
  JsHashEntry(
    chunk_id: "76233",
    hash: "70d53c7a5acadfb8",
  ),
  JsHashEntry(
    chunk_id: "7625",
    hash: "7261183e5ededd58",
  ),
  JsHashEntry(
    chunk_id: "76323",
    hash: "8fdf7af037972a24",
  ),
  JsHashEntry(
    chunk_id: "76367",
    hash: "468b4727aaff30c7",
  ),
  JsHashEntry(
    chunk_id: "7649",
    hash: "bf7a4f05c01ea3f7",
  ),
  JsHashEntry(
    chunk_id: "7654",
    hash: "c8054138fe164f24",
  ),
  JsHashEntry(
    chunk_id: "76676",
    hash: "f2279b2c6b153105",
  ),
  JsHashEntry(
    chunk_id: "76726",
    hash: "b9cf475f3ffcac2a",
  ),
  JsHashEntry(
    chunk_id: "76731",
    hash: "1cc5e22db10f4f77",
  ),
  JsHashEntry(
    chunk_id: "76785",
    hash: "2de823d2bd8338cd",
  ),
  JsHashEntry(
    chunk_id: "76815",
    hash: "58e6fb23ad6ec6f8",
  ),
  JsHashEntry(
    chunk_id: "76849",
    hash: "eefd989d909580c2",
  ),
  JsHashEntry(
    chunk_id: "76898",
    hash: "2e459035d9cc886d",
  ),
  JsHashEntry(
    chunk_id: "76994",
    hash: "5415d4c0defb33ed",
  ),
  JsHashEntry(
    chunk_id: "76e3",
    hash: "40d219c5b4558e50",
  ),
  JsHashEntry(
    chunk_id: "77002",
    hash: "3fadad3c8f79b242",
  ),
  JsHashEntry(
    chunk_id: "77046",
    hash: "fb259fb6e2a22693",
  ),
  JsHashEntry(
    chunk_id: "7706",
    hash: "1ad62f67d110f333",
  ),
  JsHashEntry(
    chunk_id: "77117",
    hash: "ef8d9d14fcc2190d",
  ),
  JsHashEntry(
    chunk_id: "7717",
    hash: "7cb0faf48fdc268f",
  ),
  JsHashEntry(
    chunk_id: "77198",
    hash: "47900f4a049668ac",
  ),
  JsHashEntry(
    chunk_id: "77370",
    hash: "c8ccdb4556214141",
  ),
  JsHashEntry(
    chunk_id: "77423",
    hash: "f2cfa0e271114589",
  ),
  JsHashEntry(
    chunk_id: "77459",
    hash: "f53f11999f7a8a8f",
  ),
  JsHashEntry(
    chunk_id: "77514",
    hash: "fd8ffed1ed009787",
  ),
  JsHashEntry(
    chunk_id: "77545",
    hash: "74aa3605d6fbfa8d",
  ),
  JsHashEntry(
    chunk_id: "77672",
    hash: "cd38442bc8f4164c",
  ),
  JsHashEntry(
    chunk_id: "77803",
    hash: "bbbc64913100f4f4",
  ),
  JsHashEntry(
    chunk_id: "77843",
    hash: "f33465ef83cee583",
  ),
  JsHashEntry(
    chunk_id: "7786",
    hash: "0f5e136ed556d9ba",
  ),
  JsHashEntry(
    chunk_id: "77884",
    hash: "9dcc6349b7a6918f",
  ),
  JsHashEntry(
    chunk_id: "77931",
    hash: "52da83acfa569ffa",
  ),
  JsHashEntry(
    chunk_id: "78008",
    hash: "e8ad9824e12fcfd9",
  ),
  JsHashEntry(
    chunk_id: "78073",
    hash: "a9ea086a1f539d78",
  ),
  JsHashEntry(
    chunk_id: "78221",
    hash: "4a91d8af112ac09d",
  ),
  JsHashEntry(
    chunk_id: "78273",
    hash: "fa35ebaa99144fdc",
  ),
  JsHashEntry(
    chunk_id: "78426",
    hash: "d3647119285d4562",
  ),
  JsHashEntry(
    chunk_id: "78431",
    hash: "c4a23b917cf7bfa8",
  ),
  JsHashEntry(
    chunk_id: "78449",
    hash: "b7ddb4980e02ac24",
  ),
  JsHashEntry(
    chunk_id: "78525",
    hash: "a4acfbb32877eedc",
  ),
  JsHashEntry(
    chunk_id: "78607",
    hash: "f3e62cf9e2af6ebc",
  ),
  JsHashEntry(
    chunk_id: "78698",
    hash: "6449d430b19eb3f8",
  ),
  JsHashEntry(
    chunk_id: "78704",
    hash: "275d33f89e02472d",
  ),
  JsHashEntry(
    chunk_id: "78712",
    hash: "6911a930647a5ca7",
  ),
  JsHashEntry(
    chunk_id: "78728",
    hash: "59da6a7c81d13a06",
  ),
  JsHashEntry(
    chunk_id: "78786",
    hash: "7f423c188833ded7",
  ),
  JsHashEntry(
    chunk_id: "78793",
    hash: "bd2f645c2f639a7a",
  ),
  JsHashEntry(
    chunk_id: "78884",
    hash: "aa77a8cdc721da29",
  ),
  JsHashEntry(
    chunk_id: "78927",
    hash: "7e3891c32897c793",
  ),
  JsHashEntry(
    chunk_id: "79032",
    hash: "c01245a945c20314",
  ),
  JsHashEntry(
    chunk_id: "79255",
    hash: "e57d70b84b410df8",
  ),
  JsHashEntry(
    chunk_id: "79257",
    hash: "67fa2973da3ef951",
  ),
  JsHashEntry(
    chunk_id: "79268",
    hash: "5daafdb40f3515b0",
  ),
  JsHashEntry(
    chunk_id: "79381",
    hash: "a8d3ee794ed40a74",
  ),
  JsHashEntry(
    chunk_id: "79457",
    hash: "2c7ca7c2a0ab2bf4",
  ),
  JsHashEntry(
    chunk_id: "79494",
    hash: "8142b50ef9ef709c",
  ),
  JsHashEntry(
    chunk_id: "79521",
    hash: "d2d98948bb704612",
  ),
  JsHashEntry(
    chunk_id: "79692",
    hash: "429950710102cab4",
  ),
  JsHashEntry(
    chunk_id: "79695",
    hash: "54b9cf81b69e02c2",
  ),
  JsHashEntry(
    chunk_id: "79764",
    hash: "9a6585e50974bec9",
  ),
  JsHashEntry(
    chunk_id: "798",
    hash: "d9fd6f7e4b8ec614",
  ),
  JsHashEntry(
    chunk_id: "79824",
    hash: "eb4792be28ef911a",
  ),
  JsHashEntry(
    chunk_id: "79835",
    hash: "aa69bc785d5923e4",
  ),
  JsHashEntry(
    chunk_id: "79921",
    hash: "2ed5fcc2697086ce",
  ),
  JsHashEntry(
    chunk_id: "80094",
    hash: "4a64658f34ac799d",
  ),
  JsHashEntry(
    chunk_id: "80125",
    hash: "1fca1e07e9f81dae",
  ),
  JsHashEntry(
    chunk_id: "80144",
    hash: "3398993376282f5f",
  ),
  JsHashEntry(
    chunk_id: "8017",
    hash: "a3db6cfbd26e608a",
  ),
  JsHashEntry(
    chunk_id: "80287",
    hash: "7e02b733b057d160",
  ),
  JsHashEntry(
    chunk_id: "804",
    hash: "0b25b231ec92a477",
  ),
  JsHashEntry(
    chunk_id: "80404",
    hash: "c554b62e39381b8e",
  ),
  JsHashEntry(
    chunk_id: "80451",
    hash: "04a3add5be87bf33",
  ),
  JsHashEntry(
    chunk_id: "80478",
    hash: "a7342b4992f62690",
  ),
  JsHashEntry(
    chunk_id: "80493",
    hash: "a95acaddf55bd305",
  ),
  JsHashEntry(
    chunk_id: "80648",
    hash: "37d5d80281a392e1",
  ),
  JsHashEntry(
    chunk_id: "8074",
    hash: "f2efb6e41b02894c",
  ),
  JsHashEntry(
    chunk_id: "80783",
    hash: "b7884cdc3f084fb2",
  ),
  JsHashEntry(
    chunk_id: "80960",
    hash: "f5a098edcb4ac78e",
  ),
  JsHashEntry(
    chunk_id: "8102",
    hash: "59bd38c71b2be269",
  ),
  JsHashEntry(
    chunk_id: "8104",
    hash: "4093b96a192522f6",
  ),
  JsHashEntry(
    chunk_id: "81070",
    hash: "874f973a67aa3cb3",
  ),
  JsHashEntry(
    chunk_id: "81172",
    hash: "7f02c7ca34e9ae00",
  ),
  JsHashEntry(
    chunk_id: "81226",
    hash: "a48d50e9a5869cdb",
  ),
  JsHashEntry(
    chunk_id: "8124",
    hash: "ddd1e1f99824808d",
  ),
  JsHashEntry(
    chunk_id: "8133",
    hash: "f9b226b56107eeb0",
  ),
  JsHashEntry(
    chunk_id: "81358",
    hash: "c6b13d3b6fdd172f",
  ),
  JsHashEntry(
    chunk_id: "81574",
    hash: "d7fc5b52c9bb0a39",
  ),
  JsHashEntry(
    chunk_id: "81654",
    hash: "7c7224a108a11553",
  ),
  JsHashEntry(
    chunk_id: "81709",
    hash: "4b47c083f2410ba7",
  ),
  JsHashEntry(
    chunk_id: "81793",
    hash: "ef6a2b83698921d3",
  ),
  JsHashEntry(
    chunk_id: "81821",
    hash: "a176afd9ccd57221",
  ),
  JsHashEntry(
    chunk_id: "81843",
    hash: "198297035a341706",
  ),
  JsHashEntry(
    chunk_id: "81902",
    hash: "ba78f3e24d3ea1fb",
  ),
  JsHashEntry(
    chunk_id: "81958",
    hash: "43d52b689daf787e",
  ),
  JsHashEntry(
    chunk_id: "81989",
    hash: "edf43bd2d9d6fc2c",
  ),
  JsHashEntry(
    chunk_id: "82052",
    hash: "8c910dbe302b1702",
  ),
  JsHashEntry(
    chunk_id: "82143",
    hash: "e973f403444c5250",
  ),
  JsHashEntry(
    chunk_id: "82252",
    hash: "4e97bdbd1f167ebb",
  ),
  JsHashEntry(
    chunk_id: "823",
    hash: "6e78363ec2784918",
  ),
  JsHashEntry(
    chunk_id: "8246",
    hash: "68d2d0ae4fc58d97",
  ),
  JsHashEntry(
    chunk_id: "82560",
    hash: "3bf54f1f83326e7e",
  ),
  JsHashEntry(
    chunk_id: "82758",
    hash: "f07a3ee463b02cf9",
  ),
  JsHashEntry(
    chunk_id: "82774",
    hash: "8d585aa49cd70ff5",
  ),
  JsHashEntry(
    chunk_id: "8286",
    hash: "24970732deb1294b",
  ),
  JsHashEntry(
    chunk_id: "82961",
    hash: "a11b61f3f1670715",
  ),
  JsHashEntry(
    chunk_id: "82968",
    hash: "9fe55a1fb41e447f",
  ),
  JsHashEntry(
    chunk_id: "83051",
    hash: "6e3a63d1ad4b183f",
  ),
  JsHashEntry(
    chunk_id: "83098",
    hash: "0b4cb96a46dacd98",
  ),
  JsHashEntry(
    chunk_id: "831",
    hash: "5797bd2fd8caebc0",
  ),
  JsHashEntry(
    chunk_id: "83230",
    hash: "172936712f3eac7f",
  ),
  JsHashEntry(
    chunk_id: "83264",
    hash: "73a8f8185f7e131a",
  ),
  JsHashEntry(
    chunk_id: "83323",
    hash: "002733bc46bef532",
  ),
  JsHashEntry(
    chunk_id: "83331",
    hash: "d1c51910ca8c3abd",
  ),
  JsHashEntry(
    chunk_id: "83348",
    hash: "2d09a8c89af67963",
  ),
  JsHashEntry(
    chunk_id: "83363",
    hash: "1d0b15e1bf37528a",
  ),
  JsHashEntry(
    chunk_id: "83409",
    hash: "e5fcc984cb4cb782",
  ),
  JsHashEntry(
    chunk_id: "83436",
    hash: "7ef02e79213c0134",
  ),
  JsHashEntry(
    chunk_id: "83459",
    hash: "ecbeb6ea84303185",
  ),
  JsHashEntry(
    chunk_id: "83516",
    hash: "cef8af767f3d5553",
  ),
  JsHashEntry(
    chunk_id: "83545",
    hash: "3a8222c9913cc08c",
  ),
  JsHashEntry(
    chunk_id: "83560",
    hash: "ad8e572e2798e2c4",
  ),
  JsHashEntry(
    chunk_id: "83613",
    hash: "9326629fb545f831",
  ),
  JsHashEntry(
    chunk_id: "83646",
    hash: "594583f47112b2f6",
  ),
  JsHashEntry(
    chunk_id: "8366",
    hash: "c91fd493c41f2e15",
  ),
  JsHashEntry(
    chunk_id: "83691",
    hash: "67c2881e15bac3fc",
  ),
  JsHashEntry(
    chunk_id: "83737",
    hash: "b1427bc790de739f",
  ),
  JsHashEntry(
    chunk_id: "838",
    hash: "c8b58701420ac2fa",
  ),
  JsHashEntry(
    chunk_id: "83884",
    hash: "9ca64de0039f6b6c",
  ),
  JsHashEntry(
    chunk_id: "83942",
    hash: "7ba083ff0ffa8069",
  ),
  JsHashEntry(
    chunk_id: "8396",
    hash: "55bc3b099b1bdad0",
  ),
  JsHashEntry(
    chunk_id: "83960",
    hash: "fc103584a6315a2c",
  ),
  JsHashEntry(
    chunk_id: "83995",
    hash: "d6d8b10bc749c03f",
  ),
  JsHashEntry(
    chunk_id: "84012",
    hash: "ad0efb439c282cf1",
  ),
  JsHashEntry(
    chunk_id: "84084",
    hash: "8965551acbe20489",
  ),
  JsHashEntry(
    chunk_id: "84212",
    hash: "7d8e65476dcbfd9e",
  ),
  JsHashEntry(
    chunk_id: "84239",
    hash: "1bbb0bf144a00d0f",
  ),
  JsHashEntry(
    chunk_id: "84259",
    hash: "5af09e291fe37bad",
  ),
  JsHashEntry(
    chunk_id: "8430",
    hash: "37d9220b33afa72b",
  ),
  JsHashEntry(
    chunk_id: "84399",
    hash: "bb51e63ba562faf0",
  ),
  JsHashEntry(
    chunk_id: "84509",
    hash: "f59b0de442d482e8",
  ),
  JsHashEntry(
    chunk_id: "84722",
    hash: "cf121b13e5fe53b7",
  ),
  JsHashEntry(
    chunk_id: "84725",
    hash: "6bb1ce72604756e2",
  ),
  JsHashEntry(
    chunk_id: "84727",
    hash: "6d8ad34e75dc71ec",
  ),
  JsHashEntry(
    chunk_id: "84748",
    hash: "d0e7e99a81a23947",
  ),
  JsHashEntry(
    chunk_id: "84778",
    hash: "76c7ef1c0671a755",
  ),
  JsHashEntry(
    chunk_id: "84825",
    hash: "0789d4dc7e3474ed",
  ),
  JsHashEntry(
    chunk_id: "84881",
    hash: "539dd3b4b78f1564",
  ),
  JsHashEntry(
    chunk_id: "84956",
    hash: "8f68fdd5b7278d9b",
  ),
  JsHashEntry(
    chunk_id: "84992",
    hash: "c432359b73cf4455",
  ),
  JsHashEntry(
    chunk_id: "85045",
    hash: "508db0ac52469f0e",
  ),
  JsHashEntry(
    chunk_id: "85061",
    hash: "6bc6f26a7efbd181",
  ),
  JsHashEntry(
    chunk_id: "85100",
    hash: "a1dc9e53987c93ce",
  ),
  JsHashEntry(
    chunk_id: "85315",
    hash: "501300fca8fe0038",
  ),
  JsHashEntry(
    chunk_id: "85342",
    hash: "58b3a18c552da0c6",
  ),
  JsHashEntry(
    chunk_id: "85440",
    hash: "fd672aeb989f4a66",
  ),
  JsHashEntry(
    chunk_id: "85441",
    hash: "802e62a23d29282a",
  ),
  JsHashEntry(
    chunk_id: "85468",
    hash: "4b561397a6870fea",
  ),
  JsHashEntry(
    chunk_id: "85505",
    hash: "5760c8e1afe78cf1",
  ),
  JsHashEntry(
    chunk_id: "85517",
    hash: "e52f4bd08518d993",
  ),
  JsHashEntry(
    chunk_id: "85668",
    hash: "74ef7c9407d0a60a",
  ),
  JsHashEntry(
    chunk_id: "85683",
    hash: "38b66366b0e27b1a",
  ),
  JsHashEntry(
    chunk_id: "8570",
    hash: "f64f6ae2b6e72431",
  ),
  JsHashEntry(
    chunk_id: "85828",
    hash: "ec21f5e138a27b1e",
  ),
  JsHashEntry(
    chunk_id: "85831",
    hash: "62c644d68b7b6906",
  ),
  JsHashEntry(
    chunk_id: "85845",
    hash: "750ccbf579e0b4f5",
  ),
  JsHashEntry(
    chunk_id: "85885",
    hash: "4914cea54d228748",
  ),
  JsHashEntry(
    chunk_id: "86015",
    hash: "50d633f87241cb7a",
  ),
  JsHashEntry(
    chunk_id: "86047",
    hash: "283488004495bb1b",
  ),
  JsHashEntry(
    chunk_id: "86060",
    hash: "fbf243da81ea78e8",
  ),
  JsHashEntry(
    chunk_id: "86111",
    hash: "c3dd958088df5734",
  ),
  JsHashEntry(
    chunk_id: "86200",
    hash: "e86311df95a93584",
  ),
  JsHashEntry(
    chunk_id: "86242",
    hash: "2bb1ed95087abf40",
  ),
  JsHashEntry(
    chunk_id: "86383",
    hash: "649c5c7203b2f97d",
  ),
  JsHashEntry(
    chunk_id: "86399",
    hash: "ddd3375e562018a0",
  ),
  JsHashEntry(
    chunk_id: "86465",
    hash: "90d4c1ec7ced7277",
  ),
  JsHashEntry(
    chunk_id: "86513",
    hash: "a6fa70cd99beb32b",
  ),
  JsHashEntry(
    chunk_id: "86517",
    hash: "c8b19919a808dceb",
  ),
  JsHashEntry(
    chunk_id: "8653",
    hash: "fb9a70ff1c55cb78",
  ),
  JsHashEntry(
    chunk_id: "86577",
    hash: "3fa00e872d727cb1",
  ),
  JsHashEntry(
    chunk_id: "86590",
    hash: "40a1ec600140002f",
  ),
  JsHashEntry(
    chunk_id: "86653",
    hash: "2e08761a73bae6e3",
  ),
  JsHashEntry(
    chunk_id: "867",
    hash: "38fe372b2bf6a1f1",
  ),
  JsHashEntry(
    chunk_id: "8670",
    hash: "0134044aac632e33",
  ),
  JsHashEntry(
    chunk_id: "86715",
    hash: "f126020c4e96eed5",
  ),
  JsHashEntry(
    chunk_id: "86872",
    hash: "0d0a0f8a6b652dbb",
  ),
  JsHashEntry(
    chunk_id: "86915",
    hash: "b125ea2614813eb3",
  ),
  JsHashEntry(
    chunk_id: "87154",
    hash: "a2a40a3a5b1c5aae",
  ),
  JsHashEntry(
    chunk_id: "87177",
    hash: "18132a6f60df062b",
  ),
  JsHashEntry(
    chunk_id: "87200",
    hash: "72d80555a5aa9f0d",
  ),
  JsHashEntry(
    chunk_id: "87337",
    hash: "16938c53b7aed879",
  ),
  JsHashEntry(
    chunk_id: "87406",
    hash: "04896a0dff700eb6",
  ),
  JsHashEntry(
    chunk_id: "87519",
    hash: "021891a182a4e425",
  ),
  JsHashEntry(
    chunk_id: "87549",
    hash: "7664bf5d9ee97b97",
  ),
  JsHashEntry(
    chunk_id: "87624",
    hash: "277912e481119d21",
  ),
  JsHashEntry(
    chunk_id: "87626",
    hash: "4cf02bde1c109cec",
  ),
  JsHashEntry(
    chunk_id: "8790",
    hash: "705d5a8faef3c65c",
  ),
  JsHashEntry(
    chunk_id: "88358",
    hash: "d18bcc2ab8a3eb62",
  ),
  JsHashEntry(
    chunk_id: "88445",
    hash: "baeceb21c66bfc54",
  ),
  JsHashEntry(
    chunk_id: "88479",
    hash: "7ed985ebc200734d",
  ),
  JsHashEntry(
    chunk_id: "88560",
    hash: "d89371bba5cdbaa2",
  ),
  JsHashEntry(
    chunk_id: "88643",
    hash: "d3bdfecda22a0ac5",
  ),
  JsHashEntry(
    chunk_id: "88806",
    hash: "a92b5e53cbd8220f",
  ),
  JsHashEntry(
    chunk_id: "88938",
    hash: "75c05c852211cac4",
  ),
  JsHashEntry(
    chunk_id: "8895",
    hash: "90157de7d74e3522",
  ),
  JsHashEntry(
    chunk_id: "88981",
    hash: "3f8aa8349b2af5f8",
  ),
  JsHashEntry(
    chunk_id: "89130",
    hash: "cb35d56f39cb9b90",
  ),
  JsHashEntry(
    chunk_id: "89135",
    hash: "1c8cf2df5af58a19",
  ),
  JsHashEntry(
    chunk_id: "89207",
    hash: "84f824f1d6ef4b2f",
  ),
  JsHashEntry(
    chunk_id: "89212",
    hash: "c3da1f84effc7a6d",
  ),
  JsHashEntry(
    chunk_id: "8926",
    hash: "876a7b1f2ac36efe",
  ),
  JsHashEntry(
    chunk_id: "89289",
    hash: "aff7b02283b6e328",
  ),
  JsHashEntry(
    chunk_id: "89302",
    hash: "17cec2bc0121128c",
  ),
  JsHashEntry(
    chunk_id: "89311",
    hash: "efa6d9102f1fc66c",
  ),
  JsHashEntry(
    chunk_id: "89506",
    hash: "323cb100aead0597",
  ),
  JsHashEntry(
    chunk_id: "8965",
    hash: "2d92d970fdf5cbe8",
  ),
  JsHashEntry(
    chunk_id: "89650",
    hash: "6f8920622a1d2d40",
  ),
  JsHashEntry(
    chunk_id: "89675",
    hash: "823241064ff59f4d",
  ),
  JsHashEntry(
    chunk_id: "89715",
    hash: "61127feefd793f0c",
  ),
  JsHashEntry(
    chunk_id: "89792",
    hash: "0cba264e59bb161f",
  ),
  JsHashEntry(
    chunk_id: "8982",
    hash: "9962786261a7a0b1",
  ),
  JsHashEntry(
    chunk_id: "89839",
    hash: "b13f3d6f3132c402",
  ),
  JsHashEntry(
    chunk_id: "8984",
    hash: "5c59cc45c91b8bd2",
  ),
  JsHashEntry(
    chunk_id: "89873",
    hash: "98bddc5bbbfa4392",
  ),
  JsHashEntry(
    chunk_id: "9007",
    hash: "672a2c7edfbe742f",
  ),
  JsHashEntry(
    chunk_id: "90220",
    hash: "f95d3e3f4b7f9ce3",
  ),
  JsHashEntry(
    chunk_id: "90244",
    hash: "e04871499fbfc663",
  ),
  JsHashEntry(
    chunk_id: "90319",
    hash: "c5aee440957f1315",
  ),
  JsHashEntry(
    chunk_id: "90508",
    hash: "e4cd562355262cb9",
  ),
  JsHashEntry(
    chunk_id: "90542",
    hash: "ac8685abd6194c23",
  ),
  JsHashEntry(
    chunk_id: "90638",
    hash: "7f8223dc3f87af82",
  ),
  JsHashEntry(
    chunk_id: "90688",
    hash: "967fd213409161a6",
  ),
  JsHashEntry(
    chunk_id: "90705",
    hash: "7434885d4b53b09a",
  ),
  JsHashEntry(
    chunk_id: "90746",
    hash: "a573c85e3461a044",
  ),
  JsHashEntry(
    chunk_id: "90888",
    hash: "c6083506709f0b1f",
  ),
  JsHashEntry(
    chunk_id: "91018",
    hash: "023d28596720087d",
  ),
  JsHashEntry(
    chunk_id: "91182",
    hash: "3464f073f597b28a",
  ),
  JsHashEntry(
    chunk_id: "91199",
    hash: "f6f235feed579a0a",
  ),
  JsHashEntry(
    chunk_id: "91304",
    hash: "6c3e00a296811763",
  ),
  JsHashEntry(
    chunk_id: "91315",
    hash: "d35d2592c7b0c9a6",
  ),
  JsHashEntry(
    chunk_id: "91337",
    hash: "478681caf1be96b9",
  ),
  JsHashEntry(
    chunk_id: "91569",
    hash: "c24db708a9d1e761",
  ),
  JsHashEntry(
    chunk_id: "91654",
    hash: "94a2ea381ee9bf1b",
  ),
  JsHashEntry(
    chunk_id: "91689",
    hash: "512618391805c7c2",
  ),
  JsHashEntry(
    chunk_id: "91848",
    hash: "db5b8aee26844bb0",
  ),
  JsHashEntry(
    chunk_id: "91849",
    hash: "6b63412b4520f59d",
  ),
  JsHashEntry(
    chunk_id: "9194",
    hash: "f2af68ecc1c737eb",
  ),
  JsHashEntry(
    chunk_id: "92106",
    hash: "bf077e93654d3732",
  ),
  JsHashEntry(
    chunk_id: "92229",
    hash: "e56065c5de902259",
  ),
  JsHashEntry(
    chunk_id: "92252",
    hash: "128d3db1144d0653",
  ),
  JsHashEntry(
    chunk_id: "92333",
    hash: "072a8474fd9d7d3a",
  ),
  JsHashEntry(
    chunk_id: "92339",
    hash: "33e8b5d81fe57cca",
  ),
  JsHashEntry(
    chunk_id: "92401",
    hash: "8f88d889248ffd4f",
  ),
  JsHashEntry(
    chunk_id: "92575",
    hash: "177cb3fdd5239d9a",
  ),
  JsHashEntry(
    chunk_id: "92668",
    hash: "7ec46bfbe44a5dec",
  ),
  JsHashEntry(
    chunk_id: "92695",
    hash: "99e3504f15b6c396",
  ),
  JsHashEntry(
    chunk_id: "92780",
    hash: "a7ae6eb2f87c724d",
  ),
  JsHashEntry(
    chunk_id: "92795",
    hash: "d43050783be51825",
  ),
  JsHashEntry(
    chunk_id: "92922",
    hash: "1f818c50d1938c16",
  ),
  JsHashEntry(
    chunk_id: "92940",
    hash: "2d757a5e15e3cb00",
  ),
  JsHashEntry(
    chunk_id: "93077",
    hash: "47d947276fa2bbd8",
  ),
  JsHashEntry(
    chunk_id: "93198",
    hash: "fc8465f5a6368c8b",
  ),
  JsHashEntry(
    chunk_id: "93251",
    hash: "e3574e25bc34a241",
  ),
  JsHashEntry(
    chunk_id: "93271",
    hash: "6ceb0f44b28297d3",
  ),
  JsHashEntry(
    chunk_id: "93288",
    hash: "d7fabf186839edde",
  ),
  JsHashEntry(
    chunk_id: "93322",
    hash: "f6ece962ceb9a085",
  ),
  JsHashEntry(
    chunk_id: "93426",
    hash: "7a3fec1f52794f39",
  ),
  JsHashEntry(
    chunk_id: "9343",
    hash: "566892d81cebbd4c",
  ),
  JsHashEntry(
    chunk_id: "9354",
    hash: "e5cc053c62e9393f",
  ),
  JsHashEntry(
    chunk_id: "93554",
    hash: "839c9b82c2ca6cec",
  ),
  JsHashEntry(
    chunk_id: "93626",
    hash: "85cb9edfaf9427ed",
  ),
  JsHashEntry(
    chunk_id: "93642",
    hash: "8c70f0f2a7931e52",
  ),
  JsHashEntry(
    chunk_id: "93698",
    hash: "bc6b3690ef92aa16",
  ),
  JsHashEntry(
    chunk_id: "93741",
    hash: "04258266a9cd394c",
  ),
  JsHashEntry(
    chunk_id: "93855",
    hash: "5e37d216d122a4eb",
  ),
  JsHashEntry(
    chunk_id: "93886",
    hash: "5a828164b58a91b7",
  ),
  JsHashEntry(
    chunk_id: "94",
    hash: "688b00593be1333d",
  ),
  JsHashEntry(
    chunk_id: "94005",
    hash: "61d6da1a6acfb986",
  ),
  JsHashEntry(
    chunk_id: "94064",
    hash: "1b7f0287a755912a",
  ),
  JsHashEntry(
    chunk_id: "94172",
    hash: "095e328fd938f4ef",
  ),
  JsHashEntry(
    chunk_id: "94205",
    hash: "32ec24a3eafdb503",
  ),
  JsHashEntry(
    chunk_id: "94392",
    hash: "cf55b7e09b23e6d2",
  ),
  JsHashEntry(
    chunk_id: "94558",
    hash: "6dfca783c91a9f9e",
  ),
  JsHashEntry(
    chunk_id: "9456",
    hash: "92d4bbaf9c30bc9f",
  ),
  JsHashEntry(
    chunk_id: "94566",
    hash: "c2330501fa4ec868",
  ),
  JsHashEntry(
    chunk_id: "94638",
    hash: "02bfb33c7fa85e94",
  ),
  JsHashEntry(
    chunk_id: "94703",
    hash: "9fa8a207ad963f33",
  ),
  JsHashEntry(
    chunk_id: "94706",
    hash: "ce2b63e377fb5210",
  ),
  JsHashEntry(
    chunk_id: "94723",
    hash: "abe379fb5a3e1a0c",
  ),
  JsHashEntry(
    chunk_id: "94792",
    hash: "b77d0cea998b9357",
  ),
  JsHashEntry(
    chunk_id: "94801",
    hash: "5328a74dc36cc0f2",
  ),
  JsHashEntry(
    chunk_id: "94847",
    hash: "78972a1300fefeca",
  ),
  JsHashEntry(
    chunk_id: "94881",
    hash: "0a896963e4d9f2d4",
  ),
  JsHashEntry(
    chunk_id: "94889",
    hash: "81976e89af718aa9",
  ),
  JsHashEntry(
    chunk_id: "94904",
    hash: "f846b0134c59637f",
  ),
  JsHashEntry(
    chunk_id: "94912",
    hash: "37eabd0ecd30e5fe",
  ),
  JsHashEntry(
    chunk_id: "95136",
    hash: "33de4906dc50ca47",
  ),
  JsHashEntry(
    chunk_id: "95140",
    hash: "9a9ed52c98d239b0",
  ),
  JsHashEntry(
    chunk_id: "95160",
    hash: "a63b47fa5e1a359a",
  ),
  JsHashEntry(
    chunk_id: "95257",
    hash: "38d28f0d42efe1d3",
  ),
  JsHashEntry(
    chunk_id: "95307",
    hash: "8efc89d579e4b888",
  ),
  JsHashEntry(
    chunk_id: "95339",
    hash: "ca159c7d9a5d7f65",
  ),
  JsHashEntry(
    chunk_id: "9536",
    hash: "9f1502ea1dc66f75",
  ),
  JsHashEntry(
    chunk_id: "95455",
    hash: "180ea41a73f254f2",
  ),
  JsHashEntry(
    chunk_id: "95468",
    hash: "ffc82255bf7dc68d",
  ),
  JsHashEntry(
    chunk_id: "95480",
    hash: "cb660baeeb76d1eb",
  ),
  JsHashEntry(
    chunk_id: "95537",
    hash: "52139df1477dbcda",
  ),
  JsHashEntry(
    chunk_id: "9558",
    hash: "72ac17d59f8c901f",
  ),
  JsHashEntry(
    chunk_id: "95614",
    hash: "c376a100a952932c",
  ),
  JsHashEntry(
    chunk_id: "95666",
    hash: "8f9b423dd2c9183a",
  ),
  JsHashEntry(
    chunk_id: "95676",
    hash: "e460bd76a0a2126b",
  ),
  JsHashEntry(
    chunk_id: "9573",
    hash: "f15c84cb15ae854f",
  ),
  JsHashEntry(
    chunk_id: "958",
    hash: "99a0177fb089d51e",
  ),
  JsHashEntry(
    chunk_id: "95830",
    hash: "8e1892e743d8606e",
  ),
  JsHashEntry(
    chunk_id: "95869",
    hash: "001c80a44e92f0a3",
  ),
  JsHashEntry(
    chunk_id: "95925",
    hash: "74f8b7ee5e8f96b9",
  ),
  JsHashEntry(
    chunk_id: "95937",
    hash: "738bc12f8782057c",
  ),
  JsHashEntry(
    chunk_id: "95991",
    hash: "1dc1702f13113be4",
  ),
  JsHashEntry(
    chunk_id: "96046",
    hash: "02b8cff216d6e3ce",
  ),
  JsHashEntry(
    chunk_id: "9606",
    hash: "69c4ba061ae92a9a",
  ),
  JsHashEntry(
    chunk_id: "96075",
    hash: "c6ff142e3637b47a",
  ),
  JsHashEntry(
    chunk_id: "96246",
    hash: "ce89694a8d4f580a",
  ),
  JsHashEntry(
    chunk_id: "96253",
    hash: "17e917a1d76a9a4b",
  ),
  JsHashEntry(
    chunk_id: "96473",
    hash: "a1bee05b64947114",
  ),
  JsHashEntry(
    chunk_id: "96608",
    hash: "9aefb2b990b650c8",
  ),
  JsHashEntry(
    chunk_id: "96655",
    hash: "f946c4be0e91a300",
  ),
  JsHashEntry(
    chunk_id: "96786",
    hash: "958ed37f2ab21e44",
  ),
  JsHashEntry(
    chunk_id: "96858",
    hash: "aa4acdd0cc8600b2",
  ),
  JsHashEntry(
    chunk_id: "96887",
    hash: "e087707e3ebd4513",
  ),
  JsHashEntry(
    chunk_id: "97100",
    hash: "b712328a5ec89142",
  ),
  JsHashEntry(
    chunk_id: "9715",
    hash: "bbe3c83567677bd0",
  ),
  JsHashEntry(
    chunk_id: "97242",
    hash: "4439f70cc2d86482",
  ),
  JsHashEntry(
    chunk_id: "9725",
    hash: "473e7b65bc27edd2",
  ),
  JsHashEntry(
    chunk_id: "97422",
    hash: "17aa65bf9d54d91c",
  ),
  JsHashEntry(
    chunk_id: "97445",
    hash: "0f332cc6df44e419",
  ),
  JsHashEntry(
    chunk_id: "97516",
    hash: "bf7c879c09d2d38c",
  ),
  JsHashEntry(
    chunk_id: "97573",
    hash: "f3cc40fa4def5495",
  ),
  JsHashEntry(
    chunk_id: "97652",
    hash: "38a7d48effc06a90",
  ),
  JsHashEntry(
    chunk_id: "9766",
    hash: "fba9d5885f2b0980",
  ),
  JsHashEntry(
    chunk_id: "97674",
    hash: "a5655a66f21520b4",
  ),
  JsHashEntry(
    chunk_id: "97695",
    hash: "aea4622c95eb98b9",
  ),
  JsHashEntry(
    chunk_id: "97755",
    hash: "fad16138e3bfbca8",
  ),
  JsHashEntry(
    chunk_id: "97951",
    hash: "602c45e923b51259",
  ),
  JsHashEntry(
    chunk_id: "9797",
    hash: "9f846c167d096ec1",
  ),
  JsHashEntry(
    chunk_id: "98105",
    hash: "5a1fed6615ad4a73",
  ),
  JsHashEntry(
    chunk_id: "98137",
    hash: "e51d11781aec3913",
  ),
  JsHashEntry(
    chunk_id: "98268",
    hash: "7eebd4be268a182c",
  ),
  JsHashEntry(
    chunk_id: "98284",
    hash: "430c78ab987a885d",
  ),
  JsHashEntry(
    chunk_id: "98335",
    hash: "af915c20bb9da41b",
  ),
  JsHashEntry(
    chunk_id: "98361",
    hash: "f2301cc930ac9413",
  ),
  JsHashEntry(
    chunk_id: "98411",
    hash: "5bef852f12dfe869",
  ),
  JsHashEntry(
    chunk_id: "98466",
    hash: "ece5da74a32a38f5",
  ),
  JsHashEntry(
    chunk_id: "98527",
    hash: "2513396b27e4b9b9",
  ),
  JsHashEntry(
    chunk_id: "9855",
    hash: "a878264c4abd2696",
  ),
  JsHashEntry(
    chunk_id: "98558",
    hash: "39418fcb3bc5123f",
  ),
  JsHashEntry(
    chunk_id: "9873",
    hash: "4db6a300a10fd5ba",
  ),
  JsHashEntry(
    chunk_id: "98783",
    hash: "cabcf903e83675cf",
  ),
  JsHashEntry(
    chunk_id: "98817",
    hash: "9990c9353c031dbf",
  ),
  JsHashEntry(
    chunk_id: "98856",
    hash: "98889021dc245451",
  ),
  JsHashEntry(
    chunk_id: "98952",
    hash: "e340f99dbd8bc4e1",
  ),
  JsHashEntry(
    chunk_id: "98979",
    hash: "f9c15cf2140a411f",
  ),
  JsHashEntry(
    chunk_id: "99014",
    hash: "0aec68e73e8a2d93",
  ),
  JsHashEntry(
    chunk_id: "99081",
    hash: "2d8a620bb04eee28",
  ),
  JsHashEntry(
    chunk_id: "99190",
    hash: "38d5dd2206754962",
  ),
  JsHashEntry(
    chunk_id: "9924",
    hash: "8ca13a8aa632f646",
  ),
  JsHashEntry(
    chunk_id: "99285",
    hash: "8a1c4313c5ddd4eb",
  ),
  JsHashEntry(
    chunk_id: "99414",
    hash: "0dd995f7c47923c1",
  ),
  JsHashEntry(
    chunk_id: "99432",
    hash: "9f8d45ea4e568c97",
  ),
  JsHashEntry(
    chunk_id: "99476",
    hash: "5618218438403720",
  ),
  JsHashEntry(
    chunk_id: "99499",
    hash: "8d1083ddfcb2a420",
  ),
  JsHashEntry(
    chunk_id: "99534",
    hash: "050af45b32aaea7e",
  ),
  JsHashEntry(
    chunk_id: "99617",
    hash: "24927215b490df13",
  ),
  JsHashEntry(
    chunk_id: "99894",
    hash: "2c8996bc6c56417c",
  ),
  JsHashEntry(
    chunk_id: "99905",
    hash: "eaa607d41fa9189d",
  ),
  JsHashEntry(
    chunk_id: "99975",
    hash: "ccb111c6c76e7700",
  ),
  JsHashEntry(
    chunk_id: "99982",
    hash: "e8c9c700b17a2dca",
  ),
  JsHashEntry(
    chunk_id: "99989",
    hash: "d4530da5eaeeb618",
  ),
]
