---
source: crates/reporter/src/vc/parser/vencord_ast_parser/tests/mod.rs
expression: patches
---
[
  Patch(
    plugin_id: None,
    all: false,
    no_warn: false,
    find: MatchLike(
      v: Str(FinderDef(
        needle: ",\"tenor\"",
      )),
      s: {
        "start": 1077,
        "end": 1087,
      },
    ),
    replacement: [
      Replacement(
        match_: MatchLike(
          v: Regex(MatchRegex(
            pattern: "(?<=\\w=)(\\w)(\\.filter\\(.{0,60}tenor)",
            flags: RegExpFlagsDef(
              bits: 0,
            ),
          )),
          s: {
            "start": 1433,
            "end": 1471,
          },
        ),
        replace: ReplaceLike(
          v: Str("Vencord.Api.Commands._init($1)$2"),
          s: {
            "start": 1502,
            "end": 1536,
          },
        ),
        no_warn: false,
      ),
    ],
  ),
  Patch(
    plugin_id: None,
    all: false,
    no_warn: false,
    find: MatchLike(
      v: Str(FinderDef(
        needle: "Unexpected value for option",
      )),
      s: {
        "start": 1644,
        "end": 1673,
      },
    ),
    replacement: [
      Replacement(
        match_: MatchLike(
          v: Regex(MatchRegex(
            pattern: ",((?:[A-Za-z_$][\\w]*))\\.execute\\(((?:[A-Za-z_$][\\w]*)),((?:[A-Za-z_$][\\w]*))\\)",
            flags: RegExpFlagsDef(
              bits: 0,
            ),
          )),
          s: {
            "start": 1779,
            "end": 1808,
          },
        ),
        replace: ReplaceLike(
          v: Template(TemplateEvaluator(
            lits: [
              ",Vencord.Api.Commands._handleCommand(",
              ", ",
              ", ",
              ")",
            ],
            captures: [
              1,
              2,
              3,
            ],
          )),
          s: {
            "start": 1835,
            "end": 1921,
          },
        ),
        no_warn: false,
      ),
    ],
  ),
  Patch(
    plugin_id: None,
    all: false,
    no_warn: false,
    find: MatchLike(
      v: Str(FinderDef(
        needle: "[\"0mI72g\"]",
      )),
      s: {
        "start": 2025,
        "end": 2059,
      },
    ),
    replacement: [
      Replacement(
        match_: MatchLike(
          v: Regex(MatchRegex(
            pattern: "children:(?=(?:[A-Za-z_$][\\w]*)\\?\\?(?:[A-Za-z_$][\\w]*)\\?\\.name)(?<=command:((?:[A-Za-z_$][\\w]*)),.+?)",
            flags: RegExpFlagsDef(
              bits: 0,
            ),
          )),
          s: {
            "start": 2133,
            "end": 2185,
          },
        ),
        replace: ReplaceLike(
          v: Str("children:$1.plugin??"),
          s: {
            "start": 2216,
            "end": 2238,
          },
        ),
        no_warn: false,
      ),
    ],
  ),
]
