---
source: crates/vencord_ast_parser/src/tests/mod.rs
expression: patches
---
[
  Patch(
    plugin_id: None,
    all: false,
    no_warn: false,
    find: MatchLike(
      v: Str(FinderDef(
        needle: ".handleSendMessage,onResize:",
      )),
      s: {
        "start": 136,
        "end": 166,
      },
    ),
    replacement: [
      Replacement(
        match_: MatchLike(
          v: Regex(MatchRegex(
            pattern: "let ((?:[A-Za-z_$][\\w$]*))=(?:[A-Za-z_$][\\w$]*)\\.(?:[A-Za-z_$][\\w$]*)\\.parse\\(((?:[A-Za-z_$][\\w$]*)),.+?\\.getSendMessageOptions\\(\\{.+?\\}\\)?;(?=.+?((?:[A-Za-z_$][\\w$]*))\\.flags=)(?<=\\)\\(({.+?})\\)\\.then.+?)",
            flags: RegExpFlagsDef(
              bits: 0,
            ),
            capture_spans: [
              {
                "start": 274,
                "end": 278,
              },
              {
                "start": 294,
                "end": 298,
              },
              {
                "start": 344,
                "end": 348,
              },
              {
                "start": 365,
                "end": 372,
              },
            ],
          )),
          s: {
            "start": 269,
            "end": 385,
          },
        ),
        replace: ReplaceLike(
          v: Template(TemplateEvaluator(
            lits: [
              "",
              "if(await Vencord.Api.MessageEvents._handlePreSend(",
              ".id,",
              ",",
              ",",
              "))return{shouldClear:false,shouldRefocus:true};",
            ],
            captures: [
              0,
              2,
              1,
              4,
              3,
            ],
          )),
          s: {
            "start": 412,
            "end": 667,
          },
          used_replace_capture_spans: [
            [
              {
                "start": 413,
                "end": 414,
              },
              {
                "start": 464,
                "end": 465,
              },
            ],
            [
              {
                "start": 416,
                "end": 429,
              },
              {
                "start": 555,
                "end": 568,
              },
            ],
            [
              {
                "start": 431,
                "end": 438,
              },
              {
                "start": 541,
                "end": 548,
              },
            ],
            [
              {
                "start": 440,
                "end": 452,
              },
              {
                "start": 581,
                "end": 593,
              },
            ],
            [
              {
                "start": 454,
                "end": 459,
              },
              {
                "start": 572,
                "end": 577,
              },
            ],
          ],
        ),
        no_warn: false,
      ),
    ],
    span: {
      "start": 116,
      "end": 691,
    },
  ),
]
