---
source: crates/vencord_ast_parser/src/tests/mod.rs
expression: patches
---
[
  Patch(
    plugin_id: None,
    all: false,
    no_warn: false,
    find: MatchLike(
      v: Str(FinderDef(
        needle: ".ToastType.FORWARD",
      )),
      s: {
        "start": 397,
        "end": 417,
      },
    ),
    replacement: [
      Replacement(
        match_: MatchLike(
          v: Regex(MatchRegex(
            pattern: "(?<=transitionToDestination:)(1===(?:[A-Za-z_$][\\w$]*)\\.length)(?=,|\\})",
            flags: RegExpFlagsDef(
              bits: 0,
            ),
            capture_spans: [
              {
                "start": 521,
                "end": 537,
              },
            ],
          )),
          s: {
            "start": 491,
            "end": 546,
          },
        ),
        replace: ReplaceLike(
          v: Str("$self.shouldTransition($1)"),
          s: {
            "start": 577,
            "end": 605,
          },
          used_replace_capture_spans: [
            [],
            [
              {
                "start": 601,
                "end": 603,
              },
            ],
          ],
        ),
        no_warn: false,
      ),
    ],
    span: {
      "start": 377,
      "end": 647,
    },
  ),
  Patch(
    plugin_id: None,
    all: false,
    no_warn: false,
    find: MatchLike(
      v: Str(FinderDef(
        needle: ".ZroO3G",
      )),
      s: {
        "start": 759,
        "end": 805,
      },
    ),
    replacement: [
      Replacement(
        match_: MatchLike(
          v: Regex(MatchRegex(
            pattern: "(useCallback\\(\\()(\\)=>\\{)((?:[A-Za-z_$][\\w$]*)\\.(?:[A-Za-z_$][\\w$]*)\\.clearDraft)",
            flags: RegExpFlagsDef(
              bits: 0,
            ),
            capture_spans: [
              {
                "start": 858,
                "end": 875,
              },
              {
                "start": 875,
                "end": 883,
              },
              {
                "start": 883,
                "end": 903,
              },
            ],
          )),
          s: {
            "start": 857,
            "end": 904,
          },
        ),
        replace: ReplaceLike(
          v: Template(TemplateEvaluator(
            lits: [
              "",
              "vencordArg1",
              "$self.setShift(vencordArg1);",
              "",
            ],
            captures: [
              1,
              2,
              3,
            ],
          )),
          s: {
            "start": 931,
            "end": 1044,
          },
          used_replace_capture_spans: [
            [
              {
                "start": 932,
                "end": 933,
              },
            ],
            [
              {
                "start": 935,
                "end": 946,
              },
              {
                "start": 972,
                "end": 983,
              },
            ],
            [
              {
                "start": 948,
                "end": 958,
              },
              {
                "start": 997,
                "end": 1007,
              },
            ],
            [
              {
                "start": 960,
                "end": 964,
              },
              {
                "start": 1038,
                "end": 1042,
              },
            ],
          ],
        ),
        no_warn: false,
      ),
    ],
    span: {
      "start": 657,
      "end": 1068,
    },
  ),
]
