---
source: crates/vencord_ast_parser/src/tests/mod.rs
expression: patches
---
[
  Patch(
    plugin_id: None,
    all: false,
    no_warn: false,
    find: MatchLike(
      v: Str(FinderDef(
        needle: ".GUILD_SUBSCRIPTION_UNAVAILABLE;",
      )),
      s: {
        "start": 595,
        "end": 629,
      },
    ),
    replacement: [
      Replacement(
        match_: MatchLike(
          v: Regex(MatchRegex(
            pattern: "(?<=\\.USE_EXTERNAL_EMOJIS.+?;)(?<=intention:((?:[A-Za-z_$][\\w$]*)).+?)",
            flags: RegExpFlagsDef(
              bits: 0,
            ),
            capture_spans: [
              {
                "start": 851,
                "end": 855,
              },
            ],
          )),
          s: {
            "start": 806,
            "end": 860,
          },
        ),
        replace: ReplaceLike(
          v: Template(TemplateEvaluator(
            lits: [
              "const fakeNitroIntention=",
              ";",
            ],
            captures: [
              1,
            ],
          )),
          s: {
            "start": 891,
            "end": 949,
          },
          used_replace_capture_spans: [
            [
              {
                "start": 892,
                "end": 893,
              },
            ],
            [
              {
                "start": 895,
                "end": 904,
              },
              {
                "start": 937,
                "end": 946,
              },
            ],
          ],
        ),
        no_warn: false,
      ),
      Replacement(
        match_: MatchLike(
          v: Regex(MatchRegex(
            pattern: "&&!(?:[A-Za-z_$][\\w$]*)&&!(?:[A-Za-z_$][\\w$]*)(?=\\)return (?:[A-Za-z_$][\\w$]*)\\.(?:[A-Za-z_$][\\w$]*)\\.DISALLOW_EXTERNAL;)",
            flags: RegExpFlagsDef(
              bits: 0,
            ),
            capture_spans: [],
          )),
          s: {
            "start": 1103,
            "end": 1154,
          },
        ),
        replace: ReplaceLike(
          v: Template(TemplateEvaluator(
            lits: [
              "",
              "&&![3,4].includes(fakeNitroIntention)",
            ],
            captures: [
              0,
            ],
          )),
          s: {
            "start": 1185,
            "end": 1226,
          },
          used_replace_capture_spans: [
            [
              {
                "start": 1185,
                "end": 1186,
              },
              {
                "start": 1193,
                "end": 1194,
              },
            ],
          ],
        ),
        no_warn: false,
      ),
      Replacement(
        match_: MatchLike(
          v: Regex(MatchRegex(
            pattern: "!(?:[A-Za-z_$][\\w$]*)\\.available(?=\\)return (?:[A-Za-z_$][\\w$]*)\\.(?:[A-Za-z_$][\\w$]*)\\.GUILD_SUBSCRIPTION_UNAVAILABLE;)",
            flags: RegExpFlagsDef(
              bits: 0,
            ),
            capture_spans: [],
          )),
          s: {
            "start": 1383,
            "end": 1451,
          },
        ),
        replace: ReplaceLike(
          v: Template(TemplateEvaluator(
            lits: [
              "",
              "&&![3,4].includes(fakeNitroIntention)",
            ],
            captures: [
              0,
            ],
          )),
          s: {
            "start": 1482,
            "end": 1523,
          },
          used_replace_capture_spans: [
            [
              {
                "start": 1482,
                "end": 1483,
              },
              {
                "start": 1490,
                "end": 1491,
              },
            ],
          ],
        ),
        no_warn: false,
      ),
      Replacement(
        match_: MatchLike(
          v: Regex(MatchRegex(
            pattern: "!((?:[A-Za-z_$][\\w$]*)\\.(?:[A-Za-z_$][\\w$]*)\\.canUseEmojisEverywhere\\((?:[A-Za-z_$][\\w$]*)\\))",
            flags: RegExpFlagsDef(
              bits: 0,
            ),
            capture_spans: [
              {
                "start": 1685,
                "end": 1723,
              },
            ],
          )),
          s: {
            "start": 1683,
            "end": 1724,
          },
        ),
        replace: ReplaceLike(
          v: Template(TemplateEvaluator(
            lits: [
              "(",
              "&&![3,4].includes(fakeNitroIntention))",
            ],
            captures: [
              0,
            ],
          )),
          s: {
            "start": 1755,
            "end": 1798,
          },
          used_replace_capture_spans: [
            [
              {
                "start": 1755,
                "end": 1756,
              },
              {
                "start": 1764,
                "end": 1765,
              },
            ],
          ],
        ),
        no_warn: false,
      ),
      Replacement(
        match_: MatchLike(
          v: Regex(MatchRegex(
            pattern: "(?<=\\|\\|)(?:[A-Za-z_$][\\w$]*)\\.(?:[A-Za-z_$][\\w$]*)\\.canUseAnimatedEmojis\\((?:[A-Za-z_$][\\w$]*)\\)",
            flags: RegExpFlagsDef(
              bits: 0,
            ),
            capture_spans: [],
          )),
          s: {
            "start": 1946,
            "end": 1991,
          },
        ),
        replace: ReplaceLike(
          v: Template(TemplateEvaluator(
            lits: [
              "(",
              "||[3,4].includes(fakeNitroIntention))",
            ],
            captures: [
              0,
            ],
          )),
          s: {
            "start": 2022,
            "end": 2064,
          },
          used_replace_capture_spans: [
            [
              {
                "start": 2022,
                "end": 2023,
              },
              {
                "start": 2031,
                "end": 2032,
              },
            ],
          ],
        ),
        no_warn: false,
      ),
    ],
    span: {
      "start": 575,
      "end": 2106,
    },
  ),
  Patch(
    plugin_id: None,
    all: false,
    no_warn: false,
    find: MatchLike(
      v: Str(FinderDef(
        needle: ".hGWuxU",
      )),
      s: {
        "start": 2144,
        "end": 2204,
      },
    ),
    replacement: [
      Replacement(
        match_: MatchLike(
          v: Regex(MatchRegex(
            pattern: "(let (?:[A-Za-z_$][\\w$]*),{sticker:(?:[A-Za-z_$][\\w$]*),channel:(?:[A-Za-z_$][\\w$]*),closePopout:(?:[A-Za-z_$][\\w$]*).+?}=((?:[A-Za-z_$][\\w$]*)).+?;)(.+?description:)((?:[A-Za-z_$][\\w$]*))(?=,sticker:(?:[A-Za-z_$][\\w$]*))",
            flags: RegExpFlagsDef(
              bits: 0,
            ),
            capture_spans: [
              {
                "start": 2336,
                "end": 2395,
              },
              {
                "start": 2386,
                "end": 2390,
              },
              {
                "start": 2395,
                "end": 2412,
              },
              {
                "start": 2412,
                "end": 2416,
              },
            ],
          )),
          s: {
            "start": 2335,
            "end": 2432,
          },
        ),
        replace: ReplaceLike(
          v: Template(TemplateEvaluator(
            lits: [
              "",
              "let{fakeNitroRenderableSticker}=",
              ";",
              "$self.addFakeNotice(0,",
              ",!!fakeNitroRenderableSticker?.fake)",
            ],
            captures: [
              1,
              2,
              3,
              4,
            ],
          )),
          s: {
            "start": 2463,
            "end": 2653,
          },
          used_replace_capture_spans: [
            [
              {
                "start": 2464,
                "end": 2465,
              },
            ],
            [
              {
                "start": 2467,
                "end": 2471,
              },
              {
                "start": 2504,
                "end": 2508,
              },
            ],
            [
              {
                "start": 2473,
                "end": 2478,
              },
              {
                "start": 2543,
                "end": 2548,
              },
            ],
            [
              {
                "start": 2480,
                "end": 2485,
              },
              {
                "start": 2552,
                "end": 2557,
              },
            ],
            [
              {
                "start": 2487,
                "end": 2496,
              },
              {
                "start": 2606,
                "end": 2615,
              },
            ],
          ],
        ),
        no_warn: false,
      ),
    ],
    span: {
      "start": 2124,
      "end": 2695,
    },
  ),
  Patch(
    plugin_id: None,
    all: false,
    no_warn: false,
    find: MatchLike(
      v: Str(FinderDef(
        needle: ".FJ6Z01",
      )),
      s: {
        "start": 2726,
        "end": 2789,
      },
    ),
    replacement: [
      Replacement(
        match_: MatchLike(
          v: Regex(MatchRegex(
            pattern: "(?<=emojiDescription:)((?:[A-Za-z_$][\\w$]*))(?<=\\1=(?:[A-Za-z_$][\\w$]*)\\(((?:[A-Za-z_$][\\w$]*))\\).+?)",
            flags: RegExpFlagsDef(
              bits: 0,
            ),
            capture_spans: [
              {
                "start": 2915,
                "end": 2919,
              },
              {
                "start": 2930,
                "end": 2934,
              },
            ],
          )),
          s: {
            "start": 2892,
            "end": 2941,
          },
        ),
        replace: ReplaceLike(
          v: Template(TemplateEvaluator(
            lits: [
              "$self.addFakeNotice(1,",
              ",!!",
              "?.fakeNitroNode?.fake)",
            ],
            captures: [
              1,
              2,
            ],
          )),
          s: {
            "start": 2968,
            "end": 3084,
          },
          used_replace_capture_spans: [
            [
              {
                "start": 2969,
                "end": 2970,
              },
            ],
            [
              {
                "start": 2972,
                "end": 2981,
              },
              {
                "start": 3040,
                "end": 3049,
              },
            ],
            [
              {
                "start": 2983,
                "end": 2988,
              },
              {
                "start": 3055,
                "end": 3060,
              },
            ],
          ],
        ),
        no_warn: false,
      ),
    ],
    span: {
      "start": 2706,
      "end": 3108,
    },
  ),
]
