---
source: crates/vencord_ast_parser/src/tests/mod.rs
expression: patches
---
[
  Patch(
    plugin_id: None,
    all: false,
    no_warn: false,
    find: MatchLike(
      v: Str(FinderDef(
        needle: ".rt0ERW",
      )),
      s: {
        "start": 164,
        "end": 208,
      },
    ),
    replacement: [
      Replacement(
        match_: MatchLike(
          v: Regex(MatchRegex(
            pattern: "permissionOverwrites\\[.+?(?:[A-Za-z_$][\\w$]*)=(?<=context:((?:[A-Za-z_$][\\w$]*))}.+?)(?=(.+?)VIEW_CHANNEL)",
            flags: RegExpFlagsDef(
              bits: 0,
            ),
            capture_spans: [
              {
                "start": 419,
                "end": 423,
              },
              {
                "start": 431,
                "end": 436,
              },
            ],
          )),
          s: {
            "start": 378,
            "end": 450,
          },
        ),
        replace: ReplaceLike(
          v: Template(TemplateEvaluator(
            lits: [
              "",
              "!Vencord.Webpack.Common.PermissionStore.can(1048576n,",
              ")?",
              "CONNECT):",
            ],
            captures: [
              0,
              1,
              2,
            ],
          )),
          s: {
            "start": 481,
            "end": 603,
          },
          used_replace_capture_spans: [
            [
              {
                "start": 482,
                "end": 483,
              },
              {
                "start": 511,
                "end": 512,
              },
            ],
            [
              {
                "start": 485,
                "end": 492,
              },
              {
                "start": 571,
                "end": 578,
              },
            ],
            [
              {
                "start": 494,
                "end": 503,
              },
              {
                "start": 583,
                "end": 592,
              },
            ],
          ],
        ),
        no_warn: false,
      ),
    ],
    span: {
      "start": 144,
      "end": 646,
    },
  ),
]
