---
source: crates/vencord_ast_parser/src/tests/mod.rs
expression: patches
---
[
  Patch(
    plugin_id: None,
    all: false,
    no_warn: false,
    find: MatchLike(
      v: Str(FinderDef(
        needle: ".toggleGuildFolderExpand(",
      )),
      s: {
        "start": 187,
        "end": 214,
      },
    ),
    replacement: [
      Replacement(
        match_: MatchLike(
          v: Regex(MatchRegex(
            pattern: "(?<=folderNode:((?:[A-Za-z_$][\\w$]*)),expanded:)(?:[A-Za-z_$][\\w$]*)(?=,)",
            flags: RegExpFlagsDef(
              bits: 0,
            ),
            capture_spans: [
              {
                "start": 606,
                "end": 610,
              },
            ],
          )),
          s: {
            "start": 590,
            "end": 629,
          },
        ),
        replace: ReplaceLike(
          v: Template(TemplateEvaluator(
            lits: [
              "typeof ",
              "===\"boolean\"?",
              ":",
              ".has(",
              ".id),betterFoldersExpandedIds:",
              " instanceof Set?",
              ":void 0",
            ],
            captures: [
              0,
              0,
              0,
              1,
              0,
              0,
            ],
          )),
          s: {
            "start": 660,
            "end": 983,
          },
          used_replace_capture_spans: [
            [
              {
                "start": 661,
                "end": 684,
              },
              {
                "start": 740,
                "end": 763,
              },
              {
                "start": 779,
                "end": 802,
              },
              {
                "start": 806,
                "end": 829,
              },
              {
                "start": 909,
                "end": 932,
              },
              {
                "start": 951,
                "end": 974,
              },
            ],
            [
              {
                "start": 686,
                "end": 696,
              },
              {
                "start": 837,
                "end": 847,
              },
            ],
          ],
        ),
        no_warn: false,
      ),
    ],
    span: {
      "start": 116,
      "end": 1025,
    },
  ),
]
