---
source: crates/webpack_ast_parser/src/parser/tests/mod.rs
expression: sync
---
[
    (
        ModuleId(
            9578,
        ),
        "[104:14->104:18) 9578",
    ),
    (
        ModuleId(
            17928,
        ),
        "[24:115->24:120) 17928",
    ),
    (
        ModuleId(
            20504,
        ),
        "[948:15->948:20) 20504",
    ),
    (
        ModuleId(
            26430,
        ),
        "[152:15->152:20) 26430",
    ),
    (
        ModuleId(
            32880,
        ),
        "[149:15->149:20) 32880",
    ),
    (
        ModuleId(
            56562,
        ),
        "[105:14->105:19) 56562",
    ),
    (
        ModuleId(
            64700,
        ),
        "[24:32->24:37) 64700",
    ),
    (
        ModuleId(
            97808,
        ),
        "[683:15->683:20) 97808",
    ),
    (
        ModuleId(
            113494,
        ),
        "[942:15->942:21) 113494",
    ),
    (
        ModuleId(
            132246,
        ),
        "[1257:15->1257:21) 132246",
    ),
    (
        ModuleId(
            147925,
        ),
        "[1548:15->1548:21) 147925",
    ),
    (
        ModuleId(
            156700,
        ),
        "[787:15->787:21) 156700",
    ),
    (
        ModuleId(
            156828,
        ),
        "[139:14->139:20) 156828",
    ),
    (
        ModuleId(
            157941,
        ),
        "[156:15->156:21) 157941",
    ),
    (
        ModuleId(
            174459,
        ),
        "[1549:15->1549:21) 174459",
    ),
    (
        ModuleId(
            187322,
        ),
        "[24:144->24:150) 187322",
    ),
    (
        ModuleId(
            192308,
        ),
        "[24:324->24:330) 192308",
    ),
    (
        ModuleId(
            218394,
        ),
        "[24:399->24:405) 218394",
    ),
    (
        ModuleId(
            224640,
        ),
        "[153:15->153:21) 224640",
    ),
    (
        ModuleId(
            228366,
        ),
        "[945:15->945:21) 228366",
    ),
    (
        ModuleId(
            248643,
        ),
        "[138:14->138:20) 248643",
    ),
    (
        ModuleId(
            255438,
        ),
        "[158:15->158:21) 255438",
    ),
    (
        ModuleId(
            256905,
        ),
        "[24:369->24:375) 256905",
    ),
    (
        ModuleId(
            267102,
        ),
        "[24:339->24:345) 267102",
    ),
    (
        ModuleId(
            284009,
        ),
        "[961:15->961:21) 284009",
    ),
    (
        ModuleId(
            287809,
        ),
        "[1547:15->1547:21) 287809",
    ),
    (
        ModuleId(
            289873,
        ),
        "[24:189->24:195) 289873",
    ),
    (
        ModuleId(
            303727,
        ),
        "[747:15->747:21) 303727",
    ),
    (
        ModuleId(
            305866,
        ),
        "[144:14->144:20) 305866",
    ),
    (
        ModuleId(
            306788,
        ),
        "[24:234->24:240) 306788",
    ),
    (
        ModuleId(
            321073,
        ),
        "[682:6->682:12) 321073",
    ),
    (
        ModuleId(
            334738,
        ),
        "[24:309->24:315) 334738",
    ),
    (
        ModuleId(
            340833,
        ),
        "[678:15->678:21) 340833",
    ),
    (
        ModuleId(
            349288,
        ),
        "[151:15->151:21) 349288",
    ),
    (
        ModuleId(
            364522,
        ),
        "[24:279->24:285) 364522",
    ),
    (
        ModuleId(
            365199,
        ),
        "[150:15->150:21) 365199",
    ),
    (
        ModuleId(
            375708,
        ),
        "[159:15->159:21) 375708",
    ),
    (
        ModuleId(
            387758,
        ),
        "[146:14->146:20) 387758",
    ),
    (
        ModuleId(
            403362,
        ),
        "[686:15->686:21) 403362",
    ),
    (
        ModuleId(
            408278,
        ),
        "[141:14->141:20) 408278",
    ),
    (
        ModuleId(
            417964,
        ),
        "[154:15->154:21) 417964",
    ),
    (
        ModuleId(
            429128,
        ),
        "[161:15->161:21) 429128",
    ),
    (
        ModuleId(
            442433,
        ),
        "[672:15->672:21) 442433",
    ),
    (
        ModuleId(
            453302,
        ),
        "[681:15->681:21) 453302",
    ),
    (
        ModuleId(
            453771,
        ),
        "[111:14->111:20) 453771",
    ),
    (
        ModuleId(
            460224,
        ),
        "[160:15->160:21) 460224",
    ),
    (
        ModuleId(
            475743,
        ),
        "[106:14->106:20) 475743",
    ),
    (
        ModuleId(
            477782,
        ),
        "[148:14->148:20) 477782",
    ),
    (
        ModuleId(
            490334,
        ),
        "[748:15->748:21) 490334",
    ),
    (
        ModuleId(
            493336,
        ),
        "[24:294->24:300) 493336",
    ),
    (
        ModuleId(
            503698,
        ),
        "[24:46->24:52) 503698",
    ),
    (
        ModuleId(
            508300,
        ),
        "[952:6->952:12) 508300",
    ),
    (
        ModuleId(
            521732,
        ),
        "[1552:15->1552:21) 521732",
    ),
    (
        ModuleId(
            534514,
        ),
        "[24:249->24:255) 534514",
    ),
    (
        ModuleId(
            534890,
        ),
        "[671:15->671:21) 534890",
    ),
    (
        ModuleId(
            536763,
        ),
        "[24:384->24:390) 536763",
    ),
    (
        ModuleId(
            564771,
        ),
        "[107:14->107:20) 564771",
    ),
    (
        ModuleId(
            568548,
        ),
        "[677:15->677:21) 568548",
    ),
    (
        ModuleId(
            576705,
        ),
        "[676:15->676:21) 576705",
    ),
    (
        ModuleId(
            582394,
        ),
        "[24:219->24:225) 582394",
    ),
    (
        ModuleId(
            587481,
        ),
        "[1550:15->1550:21) 587481",
    ),
    (
        ModuleId(
            602853,
        ),
        "[954:15->954:21) 602853",
    ),
    (
        ModuleId(
            611371,
        ),
        "[110:14->110:20) 611371",
    ),
    (
        ModuleId(
            614108,
        ),
        "[998:15->998:21) 614108",
    ),
    (
        ModuleId(
            619517,
        ),
        "[24:354->24:360) 619517",
    ),
    (
        ModuleId(
            621466,
        ),
        "[24:100->24:106) 621466",
    ),
    (
        ModuleId(
            625494,
        ),
        "[949:15->949:21) 625494",
    ),
    (
        ModuleId(
            627968,
        ),
        "[24:17->24:23) 627968",
    ),
    (
        ModuleId(
            639169,
        ),
        "[155:15->155:21) 639169",
    ),
    (
        ModuleId(
            640708,
        ),
        "[673:15->673:21) 640708",
    ),
    (
        ModuleId(
            650583,
        ),
        "[1553:15->1553:21) 650583",
    ),
    (
        ModuleId(
            652215,
        ),
        "[785:15->785:21) 652215",
    ),
    (
        ModuleId(
            661531,
        ),
        "[953:15->953:21) 661531",
    ),
    (
        ModuleId(
            670455,
        ),
        "[786:15->786:21) 670455",
    ),
    (
        ModuleId(
            692051,
        ),
        "[108:14->108:20) 692051",
    ),
    (
        ModuleId(
            707539,
        ),
        "[675:15->675:21) 707539",
    ),
    (
        ModuleId(
            707606,
        ),
        "[685:15->685:21) 707606",
    ),
    (
        ModuleId(
            708147,
        ),
        "[1554:15->1554:21) 708147",
    ),
    (
        ModuleId(
            713021,
        ),
        "[946:15->946:21) 713021",
    ),
    (
        ModuleId(
            722872,
        ),
        "[963:15->963:21) 722872",
    ),
    (
        ModuleId(
            732771,
        ),
        "[145:14->145:20) 732771",
    ),
    (
        ModuleId(
            735438,
        ),
        "[24:73->24:79) 735438",
    ),
    (
        ModuleId(
            745601,
        ),
        "[947:15->947:21) 745601",
    ),
    (
        ModuleId(
            765671,
        ),
        "[955:15->955:21) 765671",
    ),
    (
        ModuleId(
            768947,
        ),
        "[157:15->157:21) 768947",
    ),
    (
        ModuleId(
            775602,
        ),
        "[944:15->944:21) 775602",
    ),
    (
        ModuleId(
            778712,
        ),
        "[684:15->684:21) 778712",
    ),
    (
        ModuleId(
            782134,
        ),
        "[943:15->943:21) 782134",
    ),
    (
        ModuleId(
            789645,
        ),
        "[24:264->24:270) 789645",
    ),
    (
        ModuleId(
            821609,
        ),
        "[24:174->24:180) 821609",
    ),
    (
        ModuleId(
            822074,
        ),
        "[670:15->670:21) 822074",
    ),
    (
        ModuleId(
            824744,
        ),
        "[951:15->951:21) 824744",
    ),
    (
        ModuleId(
            834730,
        ),
        "[24:159->24:165) 834730",
    ),
    (
        ModuleId(
            838541,
        ),
        "[1551:15->1551:21) 838541",
    ),
    (
        ModuleId(
            847374,
        ),
        "[143:14->143:20) 847374",
    ),
    (
        ModuleId(
            863922,
        ),
        "[669:15->669:21) 863922",
    ),
    (
        ModuleId(
            885386,
        ),
        "[941:15->941:21) 885386",
    ),
    (
        ModuleId(
            900797,
        ),
        "[142:14->142:20) 900797",
    ),
    (
        ModuleId(
            913642,
        ),
        "[679:15->679:21) 913642",
    ),
    (
        ModuleId(
            915089,
        ),
        "[109:14->109:20) 915089",
    ),
    (
        ModuleId(
            922016,
        ),
        "[24:129->24:135) 922016",
    ),
    (
        ModuleId(
            922704,
        ),
        "[687:15->687:21) 922704",
    ),
    (
        ModuleId(
            927813,
        ),
        "[950:15->950:21) 927813",
    ),
    (
        ModuleId(
            935208,
        ),
        "[680:15->680:21) 935208",
    ),
    (
        ModuleId(
            939249,
        ),
        "[24:204->24:210) 939249",
    ),
    (
        ModuleId(
            941971,
        ),
        "[674:15->674:21) 941971",
    ),
    (
        ModuleId(
            980707,
        ),
        "[147:14->147:20) 980707",
    ),
    (
        ModuleId(
            990078,
        ),
        "[140:14->140:20) 990078",
    ),
    (
        ModuleId(
            994064,
        ),
        "[112:14->112:20) 994064",
    ),
    (
        ModuleId(
            998304,
        ),
        "[960:15->960:21) 998304",
    ),
]
